Component: ARM Compiler 5.06 update 7 (build 960) Tool: armlink [4d3601]

==============================================================================

Section Cross References

    startup_stm32g474xx.o(STACK) refers (Special) to heapauxi.o(.text) for __use_two_region_memory
    startup_stm32g474xx.o(HEAP) refers (Special) to heapauxi.o(.text) for __use_two_region_memory
    startup_stm32g474xx.o(RESET) refers (Special) to heapauxi.o(.text) for __use_two_region_memory
    startup_stm32g474xx.o(RESET) refers to startup_stm32g474xx.o(STACK) for __initial_sp
    startup_stm32g474xx.o(RESET) refers to startup_stm32g474xx.o(.text) for Reset_Handler
    startup_stm32g474xx.o(RESET) refers to stm32g4xx_it.o(i.NMI_Handler) for NMI_Handler
    startup_stm32g474xx.o(RESET) refers to stm32g4xx_it.o(i.HardFault_Handler) for HardFault_Handler
    startup_stm32g474xx.o(RESET) refers to stm32g4xx_it.o(i.MemManage_Handler) for MemManage_Handler
    startup_stm32g474xx.o(RESET) refers to stm32g4xx_it.o(i.BusFault_Handler) for BusFault_Handler
    startup_stm32g474xx.o(RESET) refers to stm32g4xx_it.o(i.UsageFault_Handler) for UsageFault_Handler
    startup_stm32g474xx.o(RESET) refers to stm32g4xx_it.o(i.SVC_Handler) for SVC_Handler
    startup_stm32g474xx.o(RESET) refers to stm32g4xx_it.o(i.DebugMon_Handler) for DebugMon_Handler
    startup_stm32g474xx.o(RESET) refers to stm32g4xx_it.o(i.PendSV_Handler) for PendSV_Handler
    startup_stm32g474xx.o(RESET) refers to stm32g4xx_it.o(i.SysTick_Handler) for SysTick_Handler
    startup_stm32g474xx.o(RESET) refers to stm32g4xx_it.o(i.TIM1_CC_IRQHandler) for TIM1_CC_IRQHandler
    startup_stm32g474xx.o(RESET) refers to stm32g4xx_it.o(i.TIM2_IRQHandler) for TIM2_IRQHandler
    startup_stm32g474xx.o(RESET) refers to stm32g4xx_it.o(i.TIM3_IRQHandler) for TIM3_IRQHandler
    startup_stm32g474xx.o(RESET) refers to stm32g4xx_it.o(i.TIM4_IRQHandler) for TIM4_IRQHandler
    startup_stm32g474xx.o(RESET) refers to stm32g4xx_it.o(i.USART1_IRQHandler) for USART1_IRQHandler
    startup_stm32g474xx.o(RESET) refers to stm32g4xx_it.o(i.USART3_IRQHandler) for USART3_IRQHandler
    startup_stm32g474xx.o(RESET) refers to stm32g4xx_it.o(i.EXTI15_10_IRQHandler) for EXTI15_10_IRQHandler
    startup_stm32g474xx.o(RESET) refers to stm32g4xx_it.o(i.TIM8_BRK_IRQHandler) for TIM8_BRK_IRQHandler
    startup_stm32g474xx.o(RESET) refers to stm32g4xx_it.o(i.TIM8_UP_IRQHandler) for TIM8_UP_IRQHandler
    startup_stm32g474xx.o(RESET) refers to stm32g4xx_it.o(i.TIM8_TRG_COM_IRQHandler) for TIM8_TRG_COM_IRQHandler
    startup_stm32g474xx.o(RESET) refers to stm32g4xx_it.o(i.TIM8_CC_IRQHandler) for TIM8_CC_IRQHandler
    startup_stm32g474xx.o(RESET) refers to stm32g4xx_it.o(i.TIM5_IRQHandler) for TIM5_IRQHandler
    startup_stm32g474xx.o(RESET) refers to stm32g4xx_it.o(i.UART4_IRQHandler) for UART4_IRQHandler
    startup_stm32g474xx.o(RESET) refers to stm32g4xx_it.o(i.TIM20_BRK_IRQHandler) for TIM20_BRK_IRQHandler
    startup_stm32g474xx.o(RESET) refers to stm32g4xx_it.o(i.TIM20_UP_IRQHandler) for TIM20_UP_IRQHandler
    startup_stm32g474xx.o(RESET) refers to stm32g4xx_it.o(i.TIM20_TRG_COM_IRQHandler) for TIM20_TRG_COM_IRQHandler
    startup_stm32g474xx.o(RESET) refers to stm32g4xx_it.o(i.TIM20_CC_IRQHandler) for TIM20_CC_IRQHandler
    startup_stm32g474xx.o(RESET) refers to stm32g4xx_it.o(i.LPUART1_IRQHandler) for LPUART1_IRQHandler
    startup_stm32g474xx.o(.text) refers (Special) to heapauxi.o(.text) for __use_two_region_memory
    startup_stm32g474xx.o(.text) refers to system_stm32g4xx.o(i.SystemInit) for SystemInit
    startup_stm32g474xx.o(.text) refers to __main.o(!!!main) for __main
    startup_stm32g474xx.o(.text) refers to startup_stm32g474xx.o(HEAP) for Heap_Mem
    startup_stm32g474xx.o(.text) refers to startup_stm32g474xx.o(STACK) for Stack_Mem
    main.o(i.HAL_UART_RxCpltCallback) refers to stm32g4xx_hal_uart.o(i.HAL_UART_Receive_IT) for HAL_UART_Receive_IT
    main.o(i.HAL_UART_RxCpltCallback) refers to main.o(.data) for .data
    main.o(i.HAL_UART_RxCpltCallback) refers to main.o(.bss) for .bss
    main.o(i.HAL_UART_RxCpltCallback) refers to warehouse.o(.data) for exist_flag_A10
    main.o(i.HAL_UART_RxCpltCallback) refers to warehouse.o(.data) for exist_flag_A2
    main.o(i.HAL_UART_RxCpltCallback) refers to warehouse.o(.data) for exist_flag_A1
    main.o(i.HAL_UART_RxCpltCallback) refers to usart.o(.bss) for huart4
    main.o(i.SystemClock_Config) refers to rt_memclr_w.o(.text) for __aeabi_memclr4
    main.o(i.SystemClock_Config) refers to stm32g4xx_hal_pwr_ex.o(i.HAL_PWREx_ControlVoltageScaling) for HAL_PWREx_ControlVoltageScaling
    main.o(i.SystemClock_Config) refers to stm32g4xx_hal_pwr.o(i.HAL_PWR_EnableBkUpAccess) for HAL_PWR_EnableBkUpAccess
    main.o(i.SystemClock_Config) refers to stm32g4xx_hal_rcc.o(i.HAL_RCC_OscConfig) for HAL_RCC_OscConfig
    main.o(i.SystemClock_Config) refers to stm32g4xx_hal_rcc.o(i.HAL_RCC_ClockConfig) for HAL_RCC_ClockConfig
[...]
    MQTT_NewBuffer                           0x08005a3b   Thumb Code    82  mqttkit.o(i.MQTT_NewBuffer)
    MQTT_PacketConnect                       0x08005a8d   Thumb Code   606  mqttkit.o(i.MQTT_PacketConnect)
    MQTT_PacketPublish                       0x08005cf1   Thumb Code   346  mqttkit.o(i.MQTT_PacketPublish)
    MQTT_PacketSaveData                      0x08005e4d   Thumb Code    56  mqttkit.o(i.MQTT_PacketSaveData)
    MQTT_PacketSubscribe                     0x08005ea5   Thumb Code   218  mqttkit.o(i.MQTT_PacketSubscribe)
    MQTT_ReadLength                          0x08005f7f   Thumb Code    62  mqttkit.o(i.MQTT_ReadLength)
    MQTT_UnPacketConnectAck                  0x08005fbd   Thumb Code    26  mqttkit.o(i.MQTT_UnPacketConnectAck)
    MQTT_UnPacketPublish                     0x08005fd9   Thumb Code   328  mqttkit.o(i.MQTT_UnPacketPublish)
    MQTT_UnPacketPublishAck                  0x08006129   Thumb Code    24  mqttkit.o(i.MQTT_UnPacketPublishAck)
    MQTT_UnPacketRecv                        0x08006141   Thumb Code    86  mqttkit.o(i.MQTT_UnPacketRecv)
    MQTT_UnPacketSubscribe                   0x080061a1   Thumb Code    44  mqttkit.o(i.MQTT_UnPacketSubscribe)
    MX_GPIO_Init                             0x080061cd   Thumb Code   244  gpio.o(i.MX_GPIO_Init)
    MX_LPUART1_UART_Init                     0x080062cd   Thumb Code    92  usart.o(i.MX_LPUART1_UART_Init)
    MX_RTC_Init                              0x08006331   Thumb Code   156  rtc.o(i.MX_RTC_Init)
    MX_TIM1_Init                             0x080063d5   Thumb Code   100  tim.o(i.MX_TIM1_Init)
    MX_TIM20_Init                            0x08006441   Thumb Code   174  tim.o(i.MX_TIM20_Init)
    MX_TIM2_Init                             0x080064f9   Thumb Code   126  tim.o(i.MX_TIM2_Init)
    MX_TIM3_Init                             0x0800657d   Thumb Code   144  tim.o(i.MX_TIM3_Init)
    MX_TIM4_Init                             0x08006615   Thumb Code   110  tim.o(i.MX_TIM4_Init)
    MX_TIM5_Init                             0x0800668d   Thumb Code   110  tim.o(i.MX_TIM5_Init)
    MX_TIM8_Init                             0x08006705   Thumb Code   174  tim.o(i.MX_TIM8_Init)
    MX_UART4_Init                            0x080067bd   Thumb Code    94  usart.o(i.MX_UART4_Init)
    MX_UART5_Init                            0x08006825   Thumb Code    94  usart.o(i.MX_UART5_Init)
    MX_USART1_UART_Init                      0x0800688d   Thumb Code    94  usart.o(i.MX_USART1_UART_Init)
    MX_USART3_UART_Init                      0x080068f5   Thumb Code    94  usart.o(i.MX_USART3_UART_Init)
    MemManage_Handler                        0x0800695d   Thumb Code     2  stm32g4xx_it.o(i.MemManage_Handler)
    NMI_Handler                              0x0800695f   Thumb Code     2  stm32g4xx_it.o(i.NMI_Handler)
    OneNET_Subscribe                         0x08006bc9   Thumb Code    88  onenet.o(i.OneNET_Subscribe)
    OneNet_DevLink                           0x08006c71   Thumb Code   204  onenet.o(i.OneNet_DevLink)
    OneNet_FillBuf                           0x08006ed5   Thumb Code   206  onenet.o(i.OneNet_FillBuf)
    OneNet_RevPro                            0x08007061   Thumb Code   264  onenet.o(i.OneNet_RevPro)
    OneNet_SendData                          0x0800723d   Thumb Code   114  onenet.o(i.OneNet_SendData)
    Page_num6                                0x080072e5   Thumb Code    32  display.o(i.Page_num6)
    Page_num7                                0x0800731d   Thumb Code    32  display.o(i.Page_num7)
    Page_turn                                0x08007355   Thumb Code   204  display.o(i.Page_turn)
    PendSV_Handler                           0x080074b9   Thumb Code     2  stm32g4xx_it.o(i.PendSV_Handler)
    Prescription_task                        0x080074bd   Thumb Code   170  task.o(i.Prescription_task)
    RFID_Init                                0x080075c5   Thumb Code   128  warehouse.o(i.RFID_Init)
    RTC_Bcd2ToByte                           0x08007681   Thumb Code    18  stm32g4xx_hal_rtc.o(i.RTC_Bcd2ToByte)
    RTC_ByteToBcd2                           0x08007693   Thumb Code    24  stm32g4xx_hal_rtc.o(i.RTC_ByteToBcd2)
    RTC_EnterInitMode                        0x080076ad   Thumb Code    74  stm32g4xx_hal_rtc.o(i.RTC_EnterInitMode)
    RTC_ExitInitMode                         0x080076f7   Thumb Code    80  stm32g4xx_hal_rtc.o(i.RTC_ExitInitMode)
    SVC_Handler                              0x08007747   Thumb Code     2  stm32g4xx_it.o(i.SVC_Handler)
    Send_message                             0x08007749   Thumb Code    62  display.o(i.Send_message)
    Slide_1_Left                             0x080077b1   Thumb Code    38  small_slide_move.o(i.Slide_1_Left)
    Slide_1_Right                            0x080077e1   Thumb Code    40  small_slide_move.o(i.Slide_1_Right)
    Slide_1_move                             0x08007811   Thumb Code    36  small_slide_move.o(i.Slide_1_move)
    Slide_2_Left                             0x08007839   Thumb Code    36  small_slide_move.o(i.Slide_2_Left)
    Slide_2_Right                            0x08007865   Thumb Code    36  small_slide_move.o(i.Slide_2_Right)
    Slide_2_move                             0x08007891   Thumb Code    36  small_slide_move.o(i.Slide_2_move)
    Slide_3_Left                             0x080078b9   Thumb Code    40  small_slide_move.o(i.Slide_3_Left)
    Slide_3_Right                            0x080078e9   Thumb Code    38  small_slide_move.o(i.Slide_3_Right)
    Slide_3_move                             0x08007919   Thumb Code    36  small_slide_move.o(i.Slide_3_move)
    Slide_4_Left                             0x08007941   Thumb Code    38  small_slide_move.o(i.Slide_4_Left)
    Slide_4_Right                            0x08007971   Thumb Code    40  small_slide_move.o(i.Slide_4_Right)
    Slide_4_move                             0x080079a1   Thumb Code    36  small_slide_move.o(i.Slide_4_move)
    Slide_Work                               0x080079c9   Thumb Code    42  motor.o(i.Slide_Work)
    Slide_X_Left                             0x080079f9   Thumb Code    24  motor.o(i.Slide_X_Left)
    Slide_X_Right                            0x08007a19   Thumb Code    26  motor.o(i.Slide_X_Right)
    SmallSlide_pro                           0x08007a3d   Thumb Code   176  small_slide_move.o(i.SmallSlide_pro)
    Small_slide_move                         0x08007b31   Thumb Code   132  task.o(i.Small_slide_move)
    SysTick_Handler                          0x08007bc9   Thumb Code     4  stm32g4xx_it.o(i.SysTick_Handler)
    SystemClock_Config                       0x08007bcd   Thumb Code   124  main.o(i.SystemClock_Config)
    SystemInit                               0x08007c4d   Thumb Code    12  system_stm32g4xx.o(i.SystemInit)
    TIM1_CC_IRQHandler                       0x08007c5d   Thumb Code     6  stm32g4xx_it.o(i.TIM1_CC_IRQHandler)
    TIM20_BRK_IRQHandler                     0x08007c69   Thumb Code     6  stm32g4xx_it.o(i.TIM20_BRK_IRQHandler)
    TIM20_CC_IRQHandler                      0x08007c75   Thumb Code     6  stm32g4xx_it.o(i.TIM20_CC_IRQHandler)
    TIM20_TRG_COM_IRQHandler                 0x08007c81   Thumb Code     6  stm32g4xx_it.o(i.TIM20_TRG_COM_IRQHandler)
    TIM20_UP_IRQHandler                      0x08007c8d   Thumb Code     6  stm32g4xx_it.o(i.TIM20_UP_IRQHandler)
    TIM2_IRQHandler                          0x08007c99   Thumb Code     6  stm32g4xx_it.o(i.TIM2_IRQHandler)
    TIM3_IRQHandler                          0x08007ca5   Thumb Code     6  stm32g4xx_it.o(i.TIM3_IRQHandler)
    TIM4_IRQHandler                          0x08007cb1   Thumb Code     6  stm32g4xx_it.o(i.TIM4_IRQHandler)
    TIM5_IRQHandler                          0x08007cbd   Thumb Code     6  stm32g4xx_it.o(i.TIM5_IRQHandler)
    TIM8_BRK_IRQHandler                      0x08007cc9   Thumb Code     6  stm32g4xx_it.o(i.TIM8_BRK_IRQHandler)
    TIM8_CC_IRQHandler                       0x08007cd5   Thumb Code     6  stm32g4xx_it.o(i.TIM8_CC_IRQHandler)
    TIM8_TRG_COM_IRQHandler                  0x08007ce1   Thumb Code     6  stm32g4xx_it.o(i.TIM8_TRG_COM_IRQHandler)
    TIM8_UP_IRQHandler                       0x08007ced   Thumb Code     6  stm32g4xx_it.o(i.TIM8_UP_IRQHandler)
    TIM_Base_SetConfig                       0x08007cf9   Thumb Code   190  stm32g4xx_hal_tim.o(i.TIM_Base_SetConfig)
    TIM_CCxChannelCmd                        0x08007ddd   Thumb Code    26  stm32g4xx_hal_tim.o(i.TIM_CCxChannelCmd)
    TIM_ETR_SetConfig                        0x08007df7   Thumb Code    20  stm32g4xx_hal_tim.o(i.TIM_ETR_SetConfig)
    TIM_OC2_SetConfig                        0x08007ecd   Thumb Code   132  stm32g4xx_hal_tim.o(i.TIM_OC2_SetConfig)
    Timed_task                               0x080081e9   Thumb Code    46  task.o(i.Timed_task)
    Track_Init                               0x08008249   Thumb Code    38  main.o(i.Track_Init)
    UART4_IRQHandler                         0x08008275   Thumb Code     6  stm32g4xx_it.o(i.UART4_IRQHandler)
    UART_AdvFeatureConfig                    0x080082c5   Thumb Code   200  stm32g4xx_hal_uart.o(i.UART_AdvFeatureConfig)
    UART_CheckIdleState                      0x0800838d   Thumb Code   172  stm32g4xx_hal_uart.o(i.UART_CheckIdleState)
    UART_SetConfig                           0x08008971   Thumb Code   614  stm32g4xx_hal_uart.o(i.UART_SetConfig)
    UART_Start_Receive_IT                    0x08008c09   Thumb Code   256  stm32g4xx_hal_uart.o(i.UART_Start_Receive_IT)
    UART_WaitOnFlagUntilTimeout              0x08008d19   Thumb Code   148  stm32g4xx_hal_uart.o(i.UART_WaitOnFlagUntilTimeout)
    USART1_IRQHandler                        0x08008dad   Thumb Code    56  stm32g4xx_it.o(i.USART1_IRQHandler)
    USART3_IRQHandler                        0x08008df5   Thumb Code     6  stm32g4xx_it.o(i.USART3_IRQHandler)
    UsageFault_Handler                       0x08008e01   Thumb Code     2  stm32g4xx_it.o(i.UsageFault_Handler)
    UsartPrintf                              0x08008e03   Thumb Code    54  usart.o(i.UsartPrintf)
    Usart_SendString                         0x08008e39   Thumb Code    24  esp8266.o(i.Usart_SendString)
    Warehouse_Management                     0x08008e51   Thumb Code   178  warehouse.o(i.Warehouse_Management)
    __ARM_fpclassify                         0x08008f09   Thumb Code    48  fpclassify.o(i.__ARM_fpclassify)
    __hardfp_pow                             0x08008f59   Thumb Code  3072  pow.o(i.__hardfp_pow)
    __kernel_poly                            0x08009ba9   Thumb Code   248  poly.o(i.__kernel_poly)
    __mathlib_dbl_divzero                    0x08009ca1   Thumb Code    28  dunder.o(i.__mathlib_dbl_divzero)
    __mathlib_dbl_infnan2                    0x08009cd1   Thumb Code    20  dunder.o(i.__mathlib_dbl_infnan2)
    __mathlib_dbl_invalid                    0x08009ce9   Thumb Code    24  dunder.o(i.__mathlib_dbl_invalid)
    __mathlib_dbl_overflow                   0x08009d09   Thumb Code    24  dunder.o(i.__mathlib_dbl_overflow)
    __mathlib_dbl_underflow                  0x08009d29   Thumb Code    24  dunder.o(i.__mathlib_dbl_underflow)
    _is_digit                                0x08009d49   Thumb Code    14  __printf_wp.o(i._is_digit)
    cJSON_Delete                             0x08009d59   Thumb Code    66  cjson.o(i.cJSON_Delete)
    cJSON_GetObjectItem                      0x08009da1   Thumb Code    28  cjson.o(i.cJSON_GetObjectItem)
    cJSON_Parse                              0x08009dd9   Thumb Code     8  cjson.o(i.cJSON_Parse)
    cJSON_ParseWithOpts                      0x08009de1   Thumb Code    92  cjson.o(i.cJSON_ParseWithOpts)
    caterpillar_band_move                    0x08009e85   Thumb Code    40  task.o(i.caterpillar_band_move)
    fabs                                     0x08009ec5   Thumb Code    24  fabs.o(i.fabs)
    ft                                       0x08009edd   Thumb Code    56  hmac_sha1.o(i.ft)
    hmac_sha1                                0x08009f15   Thumb Code   240  hmac_sha1.o(i.hmac_sha1)
    k                                        0x0800a005   Thumb Code    34  hmac_sha1.o(i.k)
    main                                     0x0800a039   Thumb Code   300  main.o(i.main)
    medicine_pro                             0x0800a1f9   Thumb Code   280  task.o(i.medicine_pro)
    rotl                                     0x0800a911   Thumb Code    28  hmac_sha1.o(i.rotl)
    sha1                                     0x0800a92d   Thumb Code   472  hmac_sha1.o(i.sha1)
    sqrt                                     0x0800ab25   Thumb Code   110  sqrt.o(i.sqrt)
    voice_uart_printf                        0x0800ab95   Thumb Code    40  voice.o(i.voice_uart_printf)
    _get_lc_ctype                            0x0800abc5   Thumb Code    44  lc_ctype_c.o(locale$$code)
    _get_lc_numeric                          0x0800abf1   Thumb Code    44  lc_numeric_c.o(locale$$code)
    __aeabi_dneg                             0x0800ac1d   Thumb Code     0  basic.o(x$fpl$basic)
    _dneg                                    0x0800ac1d   Thumb Code     6  basic.o(x$fpl$basic)
    __aeabi_fneg                             0x0800ac23   Thumb Code     0  basic.o(x$fpl$basic)
    _fneg                                    0x0800ac23   Thumb Code     6  basic.o(x$fpl$basic)
    _dabs                                    0x0800ac29   Thumb Code     6  basic.o(x$fpl$basic)
    _fabs                                    0x0800ac2f   Thumb Code     6  basic.o(x$fpl$basic)
    __aeabi_dadd                             0x0800ac35   Thumb Code     0  daddsub_clz.o(x$fpl$dadd)
    _dadd                                    0x0800ac35   Thumb Code   332  daddsub_clz.o(x$fpl$dadd)
    __fpl_dcheck_NaN1                        0x0800ad85   Thumb Code    10  dcheck1.o(x$fpl$dcheck1)
    __fpl_dcmp_Inf                           0x0800ad95   Thumb Code    24  dcmpi.o(x$fpl$dcmpinf)
    __aeabi_ddiv                             0x0800adad   Thumb Code     0  ddiv.o(x$fpl$ddiv)
    _ddiv                                    0x0800adad   Thumb Code   552  ddiv.o(x$fpl$ddiv)
    __aeabi_d2iz                             0x0800b05d   Thumb Code     0  dfix.o(x$fpl$dfix)
    _dfix                                    0x0800b05d   Thumb Code    94  dfix.o(x$fpl$dfix)
    __aeabi_i2d                              0x0800b0bb   Thumb Code     0  dflt_clz.o(x$fpl$dflt)
    _dflt                                    0x0800b0bb   Thumb Code    46  dflt_clz.o(x$fpl$dflt)
    __aeabi_cdcmple                          0x0800b0e9   Thumb Code     0  dleqf.o(x$fpl$dleqf)
    _dcmple                                  0x0800b0e9   Thumb Code   120  dleqf.o(x$fpl$dleqf)
    __fpl_dcmple_InfNaN                      0x0800b14b   Thumb Code     0  dleqf.o(x$fpl$dleqf)
    __aeabi_dmul                             0x0800b161   Thumb Code     0  dmul.o(x$fpl$dmul)
    _dmul                                    0x0800b161   Thumb Code   332  dmul.o(x$fpl$dmul)
    __fpl_dnaninf                            0x0800b2b5   Thumb Code   156  dnaninf.o(x$fpl$dnaninf)
    __fpl_dretinf                            0x0800b351   Thumb Code    12  dretinf.o(x$fpl$dretinf)
    __aeabi_cdrcmple                         0x0800b35d   Thumb Code     0  drleqf.o(x$fpl$drleqf)
    _drcmple                                 0x0800b35d   Thumb Code   108  drleqf.o(x$fpl$drleqf)
    __aeabi_drsub                            0x0800b3c9   Thumb Code     0  daddsub_clz.o(x$fpl$drsb)
    _drsb                                    0x0800b3c9   Thumb Code    22  daddsub_clz.o(x$fpl$drsb)
    _dsqrt                                   0x0800b3e1   Thumb Code   404  dsqrt_umaal.o(x$fpl$dsqrt)
    __aeabi_dsub                             0x0800b579   Thumb Code     0  daddsub_clz.o(x$fpl$dsub)
    _dsub                                    0x0800b579   Thumb Code   464  daddsub_clz.o(x$fpl$dsub)
    _fp_init                                 0x0800b74d   Thumb Code    10  fpinit.o(x$fpl$fpinit)
    __fplib_config_fpu_vfp                   0x0800b755   Thumb Code     0  fpinit.o(x$fpl$fpinit)
    __fplib_config_pureend_doubles           0x0800b755   Thumb Code     0  fpinit.o(x$fpl$fpinit)
    _printf_fp_dec                           0x0800b757   Thumb Code     4  printf1.o(x$fpl$printf1)
    _printf_fp_hex                           0x0800b75b   Thumb Code     4  printf2.o(x$fpl$printf2)
    __fpl_return_NaN                         0x0800b75f   Thumb Code   100  retnan.o(x$fpl$retnan)
    __ARM_scalbn                             0x0800b7c3   Thumb Code    92  scalbn.o(x$fpl$scalbn)
    __fpl_cmpreturn                          0x0800b81f   Thumb Code    48  trapv.o(x$fpl$trapveneer)
    UARTPrescTable                           0x0800b84e   Data          24  stm32g4xx_hal_uart.o(.constdata)
    __I$use$fp                               0x0800b84e   Number         0  usenofp.o(x$fpl$usenofp)
    AHBPrescTable                            0x0800b876   Data          16  system_stm32g4xx.o(.constdata)
    APBPrescTable                            0x0800b886   Data           8  system_stm32g4xx.o(.constdata)
    __mathlib_zero                           0x0800ba20   Data           8  qnan.o(.constdata)
    Region$$Table$$Base                      0x0800bb2c   Number         0  anon$$obj.o(Region$$Table)
    Region$$Table$$Limit                     0x0800bb4c   Number         0  anon$$obj.o(Region$$Table)
    __ctype                                  0x0800bb59   Data           0  lc_ctype_c.o(locale$$data)
    receive_num                              0x20000000   Data           1  main.o(.data)
    receiving_frame                          0x20000001   Data           1  main.o(.data)
    uart_char                                0x20000002   Data           1  main.o(.data)
    expected_length                          0x20000004   Data           2  main.o(.data)
    send_time                                0x20000008   Data           4  main.o(.data)
    dataPtr                                  0x2000000c   Data           4  main.o(.data)
    date                                     0x20000010   Data           4  main.o(.data)
    uwTickPrio                               0x20000014   Data           4  stm32g4xx_hal.o(.data)
    uwTickFreq                               0x20000018   Data           4  stm32g4xx_hal.o(.data)
    uwTick                                   0x2000001c   Data           4  stm32g4xx_hal.o(.data)
    SystemCoreClock                          0x20000020   Data           4  system_stm32g4xx.o(.data)
    esp8266_cnt                              0x20000024   Data           2  esp8266.o(.data)
    esp8266_cntPre                           0x20000026   Data           2  esp8266.o(.data)
    set_hour                                 0x20000038   Data           4  onenet.o(.data)
    set_minute                               0x2000003c   Data           4  onenet.o(.data)
    raw_json                                 0x20000040   Data           4  onenet.o(.data)
    parms_json                               0x20000044   Data           4  onenet.o(.data)
    Medchoose_json                           0x20000048   Data           4  onenet.o(.data)
    Timesend_json                            0x2000004c   Data           4  onenet.o(.data)
    Uart1_RxData                             0x20000050   Data           1  uart.o(.data)
    DH11_data                                0x20000051   Data           8  dht11.o(.data)
    work_state                               0x2000005c   Data           1  motor.o(.data)
    X_pulse_count                            0x20000060   Data           4  motor.o(.data)
    position_num                             0x20000064   Data           1  task.o(.data)
    flag_band_move                           0x20000065   Data           1  task.o(.data)
    flag_small_slide                         0x20000066   Data           1  task.o(.data)
    medicine_num                             0x20000068   Data           4  task.o(.data)
    Atain                                    0x2000006c   Data           4  task.o(.data)
    compare_num                              0x20000070   Data           4  task.o(.data)
    exist_flag_A10                           0x20000074   Data           1  warehouse.o(.data)
    exist_flag_A9                            0x20000075   Data           1  warehouse.o(.data)
    exist_flag_A8                            0x20000076   Data           1  warehouse.o(.data)
    exist_flag_A7                            0x20000077   Data           1  warehouse.o(.data)
    exist_flag_A6                            0x20000078   Data           1  warehouse.o(.data)
    exist_flag_A5                            0x20000079   Data           1  warehouse.o(.data)
    exist_flag_A4                            0x2000007a   Data           1  warehouse.o(.data)
    exist_flag_A3                            0x2000007b   Data           1  warehouse.o(.data)
    jia_flag_A10                             0x2000007c   Data           1  warehouse.o(.data)
    jia_flag_A9                              0x2000007d   Data           1  warehouse.o(.data)
    jia_flag_A8                              0x2000007e   Data           1  warehouse.o(.data)
    jia_flag_A7                              0x2000007f   Data           1  warehouse.o(.data)
    jia_flag_A6                              0x20000080   Data           1  warehouse.o(.data)
    jia_flag_A5                              0x20000081   Data           1  warehouse.o(.data)
    jia_flag_A4                              0x20000082   Data           1  warehouse.o(.data)
    jia_flag_A3                              0x20000083   Data           1  warehouse.o(.data)
    Digestion_tablet_num                     0x20000084   Data           1  warehouse.o(.data)
    HXZQ_capsule_num                         0x20000085   Data           1  warehouse.o(.data)
    Vitamin_B_num                            0x20000086   Data           1  warehouse.o(.data)
    Stomach_recovering_num                   0x20000087   Data           1  warehouse.o(.data)
    exist_flag_A2                            0x20000088   Data           1  warehouse.o(.data)
    exist_flag_A1                            0x20000089   Data           1  warehouse.o(.data)
    S1_work_state                            0x2000008c   Data           1  small_slide_move.o(.data)
    S2_work_state                            0x2000008d   Data           1  small_slide_move.o(.data)
    S3_work_state                            0x2000008e   Data           1  small_slide_move.o(.data)
    S4_work_state                            0x2000008f   Data           1  small_slide_move.o(.data)
    Slide1_pulse_count                       0x20000090   Data           4  small_slide_move.o(.data)
    Slide2_pulse_count                       0x20000094   Data           4  small_slide_move.o(.data)
    Slide3_pulse_count                       0x20000098   Data           4  small_slide_move.o(.data)
    Slide4_pulse_count                       0x2000009c   Data           4  small_slide_move.o(.data)
    uart_buff                                0x200000a0   Data         512  main.o(.bss)
    time                                     0x200002a0   Data          20  main.o(.bss)
    hlpuart1                                 0x200002b4   Data         148  usart.o(.bss)
    huart4                                   0x20000348   Data         148  usart.o(.bss)
    huart5                                   0x200003dc   Data         148  usart.o(.bss)
    huart1                                   0x20000470   Data         148  usart.o(.bss)
    huart3                                   0x20000504   Data         148  usart.o(.bss)
    hrtc                                     0x20000598   Data          40  rtc.o(.bss)
    htim1                                    0x200005c0   Data          76  tim.o(.bss)
    htim2                                    0x2000060c   Data          76  tim.o(.bss)
    htim3                                    0x20000658   Data          76  tim.o(.bss)
    htim4                                    0x200006a4   Data          76  tim.o(.bss)
    htim5                                    0x200006f0   Data          76  tim.o(.bss)
    htim8                                    0x2000073c   Data          76  tim.o(.bss)
    htim20                                   0x20000788   Data          76  tim.o(.bss)
    esp8266_buf                              0x200007d4   Data         512  esp8266.o(.bss)
    disp_buf                                 0x20000a51   Data          50  display.o(.bss)
    __libspace_start                         0x20000a84   Data          96  libspace.o(.bss)
    __temporary_stack_top$libspace           0x20000ae4   Data           0  libspace.o(.bss)



==============================================================================

Memory Map of the image

  Image Entry point : 0x080001d9

  Load Region LR_IROM1 (Base: 0x08000000, Size: 0x0000bd18, Max: 0x00080000, ABSOLUTE)

    Execution Region ER_IROM1 (Exec base: 0x08000000, Load base: 0x08000000, Size: 0x0000bc78, Max: 0x00080000, ABSOLUTE)

    Exec Addr    Load Addr    Size         Type   Attr      Idx    E Section Name        Object

    0x08000000   0x08000000   0x000001d8   Data   RO            3    RESET               startup_stm32g474xx.o
    0x080001d8   0x080001d8   0x00000008   Code   RO         5795  * !!!main             c_w.l(__main.o)
    0x080001e0   0x080001e0   0x00000034   Code   RO         6241    !!!scatter          c_w.l(__scatter.o)
    0x08000214   0x08000214   0x0000001a   Code   RO         6243    !!handler_copy      c_w.l(__scatter_copy.o)
    0x0800022e   0x0800022e   0x00000002   PAD
    0x08000230   0x08000230   0x0000001c   Code   RO         6245    !!handler_zi        c_w.l(__scatter_zi.o)
    0x0800024c   0x0800024c   0x00000000   Code   RO         5764    .ARM.Collect$$_printf_percent$$00000000  c_w.l(_printf_percent.o)
    0x0800024c   0x0800024c   0x00000006   Code   RO         5915    .ARM.Collect$$_printf_percent$$00000001  c_w.l(_printf_n.o)
    0x08000252   0x08000252   0x00000006   Code   RO         5916    .ARM.Collect$$_printf_percent$$00000002  c_w.l(_printf_p.o)
    0x08000258   0x08000258   0x00000006   Code   RO         5762    .ARM.Collect$$_printf_percent$$00000003  c_w.l(_printf_f.o)
    0x0800025e   0x0800025e   0x00000006   Code   RO         5763    .ARM.Collect$$_printf_percent$$00000004  c_w.l(_printf_e.o)
    0x08000264   0x08000264   0x00000006   Code   RO         5920    .ARM.Collect$$_printf_percent$$00000005  c_w.l(_printf_g.o)
    0x0800026a   0x0800026a   0x00000006   Code   RO         5921    .ARM.Collect$$_printf_percent$$00000006  c_w.l(_printf_a.o)
    0x08000270   0x08000270   0x0000000a   Code   RO         5926    .ARM.Collect$$_printf_percent$$00000007  c_w.l(_printf_ll.o)
    0x0800027a   0x0800027a   0x00000006   Code   RO         5918    .ARM.Collect$$_printf_percent$$00000008  c_w.l(_printf_i.o)
    0x08000280   0x08000280   0x00000006   Code   RO         5761    .ARM.Collect$$_printf_percent$$00000009  c_w.l(_printf_d.o)
    0x08000286   0x08000286   0x00000006   Code   RO         5919    .ARM.Collect$$_printf_percent$$0000000A  c_w.l(_printf_u.o)
    0x0800028c   0x0800028c   0x00000006   Code   RO         5917    .ARM.Collect$$_printf_percent$$0000000B  c_w.l(_printf_o.o)
    0x08000292   0x08000292   0x00000006   Code   RO         5760    .ARM.Collect$$_printf_percent$$0000000C  c_w.l(_printf_x.o)
    0x08000298   0x08000298   0x00000006   Code   RO         5923    .ARM.Collect$$_printf_percent$$0000000D  c_w.l(_printf_lli.o)
    0x0800029e   0x0800029e   0x00000006   Code   RO         5924    .ARM.Collect$$_printf_percent$$0000000E  c_w.l(_printf_lld.o)
    0x080002a4   0x080002a4   0x00000006   Code   RO         5925    .ARM.Collect$$_printf_percent$$0000000F  c_w.l(_printf_llu.o)
    0x080002aa   0x080002aa   0x00000006   Code   RO         5930    .ARM.Collect$$_printf_percent$$00000010  c_w.l(_printf_llo.o)
    0x080002b0   0x080002b0   0x00000006   Code   RO         5931    .ARM.Collect$$_printf_percent$$00000011  c_w.l(_printf_llx.o)
    0x080002b6   0x080002b6   0x0000000a   Code   RO         5927    .ARM.Collect$$_printf_percent$$00000012  c_w.l(_printf_l.o)
    0x080002c0   0x080002c0   0x00000006   Code   RO         5914    .ARM.Collect$$_printf_percent$$00000013  c_w.l(_printf_c.o)
    0x080002c6   0x080002c6   0x00000006   Code   RO         5759    .ARM.Collect$$_printf_percent$$00000014  c_w.l(_printf_s.o)
    0x080002cc   0x080002cc   0x00000006   Code   RO         5928    .ARM.Collect$$_printf_percent$$00000015  c_w.l(_printf_lc.o)
    0x080002d2   0x080002d2   0x00000006   Code   RO         5929    .ARM.Collect$$_printf_percent$$00000016  c_w.l(_printf_ls.o)
    0x080002d8   0x080002d8   0x00000004   Code   RO         5922    .ARM.Collect$$_printf_percent$$00000017  c_w.l(_printf_percent_end.o)
    0x080002dc   0x080002dc   0x00000002   Code   RO         6174    .ARM.Collect$$libinit$$00000000  c_w.l(libinit.o)
    0x080002de   0x080002de   0x00000004   Code   RO         5940    .ARM.Collect$$libinit$$00000001  c_w.l(libinit2.o)
    0x080002e2   0x080002e2   0x00000000   Code   RO         5943    .ARM.Collect$$libinit$$00000004  c_w.l(libinit2.o)
    0x080002e2   0x080002e2   0x00000008   Code   RO         5944    .ARM.Collect$$libinit$$00000005  c_w.l(libinit2.o)
    0x080002ea   0x080002ea   0x00000000   Code   RO         5946    .ARM.Collect$$libinit$$0000000A  c_w.l(libinit2.o)
    0x080002ea   0x080002ea   0x00000000   Code   RO         5948    .ARM.Collect$$libinit$$0000000C  c_w.l(libinit2.o)
    0x080002ea   0x080002ea   0x00000000   Code   RO         5950    .ARM.Collect$$libinit$$0000000E  c_w.l(libinit2.o)
    0x080002ea   0x080002ea   0x00000006   Code   RO         5951    .ARM.Collect$$libinit$$0000000F  c_w.l(libinit2.o)
    0x080002f0   0x080002f0   0x00000000   Code   RO         5953    .ARM.Collect$$libinit$$00000011  c_w.l(libinit2.o)
    0x080002f0   0x080002f0   0x0000000c   Code   RO         5954    .ARM.Collect$$libinit$$00000012  c_w.l(libinit2.o)
    0x080002fc   0x080002fc   0x00000000   Code   RO         5955    .ARM.Collect$$libinit$$00000013  c_w.l(libinit2.o)
    0x080002fc   0x080002fc   0x00000000   Code   RO         5957    .ARM.Collect$$libinit$$00000015  c_w.l(libinit2.o)
    0x080002fc   0x080002fc   0x0000000a   Code   RO         5958    .ARM.Collect$$libinit$$00000016  c_w.l(libinit2.o)
    0x08000306   0x08000306   0x00000000   Code   RO         5959    .ARM.Collect$$libinit$$00000017  c_w.l(libinit2.o)
    0x08000306   0x08000306   0x00000000   Code   RO         5961    .ARM.Collect$$libinit$$00000019  c_w.l(libinit2.o)
    0x08000306   0x08000306   0x00000000   Code   RO         5963    .ARM.Collect$$libinit$$0000001B  c_w.l(libinit2.o)
    0x08000306   0x08000306   0x00000000   Code   RO         5965    .ARM.Collect$$libinit$$0000001D  c_w.l(libinit2.o)
    0x08000306   0x08000306   0x00000000   Code   RO         5967    .ARM.Collect$$libinit$$0000001F  c_w.l(libinit2.o)
    0x08000306   0x08000306   0x00000000   Code   RO         5969    .ARM.Collect$$libinit$$00000021  c_w.l(libinit2.o)
    0x08000306   0x08000306   0x00000000   Code   RO         5971    .ARM.Collect$$libinit$$00000023  c_w.l(libinit2.o)
    0x08000306   0x08000306   0x00000000   Code   RO         5973    .ARM.Collect$$libinit$$00000025  c_w.l(libinit2.o)
    0x08000306   0x08000306   0x00000000   Code   RO         5977    .ARM.Collect$$libinit$$0000002C  c_w.l(libinit2.o)
    0x08000306   0x08000306   0x00000000   Code   RO         5979    .ARM.Collect$$libinit$$0000002E  c_w.l(libinit2.o)
    0x08000306   0x08000306   0x00000000   Code   RO         5981    .ARM.Collect$$libinit$$00000030  c_w.l(libinit2.o)
    0x08000306   0x08000306   0x00000000   Code   RO         5983    .ARM.Collect$$libinit$$00000032  c_w.l(libinit2.o)
    0x08000306   0x08000306   0x00000002   Code   RO         5984    .ARM.Collect$$libinit$$00000033  c_w.l(libinit2.o)
    0x08000308   0x08000308   0x00000002   Code   RO         6238    .ARM.Collect$$libshutdown$$00000000  c_w.l(libshutdown.o)
    0x0800030a   0x0800030a   0x00000000   Code   RO         6192    .ARM.Collect$$libshutdown$$00000002  c_w.l(libshutdown2.o)
    0x0800030a   0x0800030a   0x00000000   Code   RO         6194    .ARM.Collect$$libshutdown$$00000004  c_w.l(libshutdown2.o)
    0x0800030a   0x0800030a   0x00000000   Code   RO         6196    .ARM.Collect$$libshutdown$$00000006  c_w.l(libshutdown2.o)
    0x0800030a   0x0800030a   0x00000000   Code   RO         6199    .ARM.Collect$$libshutdown$$00000009  c_w.l(libshutdown2.o)
    0x0800030a   0x0800030a   0x00000000   Code   RO         6202    .ARM.Collect$$libshutdown$$0000000C  c_w.l(libshutdown2.o)
    0x0800030a   0x0800030a   0x00000000   Code   RO         6204    .ARM.Collect$$libshutdown$$0000000E  c_w.l(libshutdown2.o)
    0x0800030a   0x0800030a   0x00000000   Code   RO         6207    .ARM.Collect$$libshutdown$$00000011  c_w.l(libshutdown2.o)
    0x0800030a   0x0800030a   0x00000002   Code   RO         6208    .ARM.Collect$$libshutdown$$00000012  c_w.l(libshutdown2.o)
    0x0800030c   0x0800030c   0x00000000   Code   RO         5853    .ARM.Collect$$rtentry$$00000000  c_w.l(__rtentry.o)
    0x0800030c   0x0800030c   0x00000000   Code   RO         6045    .ARM.Collect$$rtentry$$00000002  c_w.l(__rtentry2.o)
    0x0800030c   0x0800030c   0x00000006   Code   RO         6057    .ARM.Collect$$rtentry$$00000004  c_w.l(__rtentry4.o)
    0x08000312   0x08000312   0x00000000   Code   RO         6047    .ARM.Collect$$rtentry$$00000009  c_w.l(__rtentry2.o)
    0x08000312   0x08000312   0x00000004   Code   RO         6048    .ARM.Collect$$rtentry$$0000000A  c_w.l(__rtentry2.o)
    0x08000316   0x08000316   0x00000000   Code   RO         6050    .ARM.Collect$$rtentry$$0000000C  c_w.l(__rtentry2.o)
    0x08000316   0x08000316   0x00000008   Code   RO         6051    .ARM.Collect$$rtentry$$0000000D  c_w.l(__rtentry2.o)
    0x0800031e   0x0800031e   0x00000002   Code   RO         6179    .ARM.Collect$$rtexit$$00000000  c_w.l(rtexit.o)
    0x08000320   0x08000320   0x00000000   Code   RO         6214    .ARM.Collect$$rtexit$$00000002  c_w.l(rtexit2.o)
    0x08000320   0x08000320   0x00000004   Code   RO         6215    .ARM.Collect$$rtexit$$00000003  c_w.l(rtexit2.o)
    0x08000324   0x08000324   0x00000006   Code   RO         6216    .ARM.Collect$$rtexit$$00000004  c_w.l(rtexit2.o)
    0x0800032a   0x0800032a   0x00000002   PAD
    0x0800032c   0x0800032c   0x00000000   Code   RO         6073    .emb_text           c_w.l(maybetermalloc1.o)
    0x0800032c   0x0800032c   0x00000040   Code   RO            4    .text               startup_stm32g474xx.o
    0x0800036c   0x0800036c   0x0000005e   Code   RO         5636    .text               c_w.l(h1_alloc.o)
    0x080003ca   0x080003ca   0x0000004e   Code   RO         5638    .text               c_w.l(h1_free.o)
    0x08000418   0x08000418   0x000000ee   Code   RO         5694    .text               c_w.l(lludivv7m.o)
    0x08000506   0x08000506   0x0000001a   Code   RO         5696    .text               c_w.l(tolower.o)
    0x08000520   0x08000520   0x00000024   Code   RO         5698    .text               c_w.l(vsprintf.o)
    0x08000544   0x08000544   0x00000034   Code   RO         5700    .text               c_w.l(vsnprintf.o)
    0x08000578   0x08000578   0x0000002c   Code   RO         5702    .text               c_w.l(__2sprintf.o)
    0x080005a4   0x080005a4   0x00000038   Code   RO         5704    .text               c_w.l(__2snprintf.o)
    0x080005dc   0x080005dc   0x0000004e   Code   RO         5712    .text               c_w.l(_printf_pad.o)
    0x0800062a   0x0800062a   0x00000052   Code   RO         5714    .text               c_w.l(_printf_str.o)
    0x0800067c   0x0800067c   0x00000078   Code   RO         5716    .text               c_w.l(_printf_dec.o)
    0x080006f4   0x080006f4   0x00000094   Code   RO         5736    .text               c_w.l(_printf_hex_int_ll_ptr.o)
    0x08000788   0x08000788   0x00000188   Code   RO         5756    .text               c_w.l(__printf_flags_ss_wp.o)
    0x08000910   0x08000910   0x0000003c   Code   RO         5765    .text               c_w.l(__0sscanf.o)
    0x0800094c   0x0800094c   0x0000014c   Code   RO         5767    .text               c_w.l(_scanf_int.o)
    0x08000a98   0x08000a98   0x00000014   Code   RO         5771    .text               c_w.l(strchr.o)
    0x08000aac   0x08000aac   0x00000024   Code   RO         5773    .text               c_w.l(strncat.o)
    0x08000ad0   0x08000ad0   0x00000024   Code   RO         5775    .text               c_w.l(strstr.o)
    0x08000af4   0x08000af4   0x00000048   Code   RO         5777    .text               c_w.l(strcpy.o)
    0x08000b3c   0x08000b3c   0x0000003e   Code   RO         5779    .text               c_w.l(strlen.o)
    0x08000b7a   0x08000b7a   0x00000096   Code   RO         5781    .text               c_w.l(strncmp.o)
    0x08000c10   0x08000c10   0x00000018   Code   RO         5783    .text               c_w.l(strcat.o)
    0x08000c28   0x08000c28   0x0000008a   Code   RO         5785    .text               c_w.l(rt_memcpy_v6.o)
    0x08000cb2   0x08000cb2   0x00000064   Code   RO         5787    .text               c_w.l(rt_memcpy_w.o)
    0x08000d16   0x08000d16   0x00000044   Code   RO         5789    .text               c_w.l(rt_memclr.o)
    0x08000d5a   0x08000d5a   0x0000004e   Code   RO         5791    .text               c_w.l(rt_memclr_w.o)
    0x08000da8   0x08000da8   0x00000006   Code   RO         5793    .text               c_w.l(heapauxi.o)
    0x08000dae   0x08000dae   0x00000002   PAD
    0x08000db0   0x08000db0   0x00000010   Code   RO         5854    .text               c_w.l(rt_ctype_table.o)
    0x08000dc0   0x08000dc0   0x00000008   Code   RO         5863    .text               c_w.l(rt_heap_descriptor_intlibspace.o)
    0x08000dc8   0x08000dc8   0x00000004   Code   RO         5865    .text               c_w.l(hguard.o)
    0x08000dcc   0x08000dcc   0x0000008a   Code   RO         5867    .text               c_w.l(init_alloc.o)
    0x08000e56   0x08000e56   0x0000000e   Code   RO         5871    .text               c_w.l(h1_init.o)
    0x08000e64   0x08000e64   0x00000016   Code   RO         5885    .text               c_w.l(_rserrno.o)
    0x08000e7a   0x08000e7a   0x00000024   Code   RO         5887    .text               c_w.l(_printf_truncate.o)
    0x08000e9e   0x08000e9e   0x000000b2   Code   RO         5889    .text               c_w.l(_printf_intcommon.o)
    0x08000f50   0x08000f50   0x00000028   Code   RO         5891    .text               c_w.l(_printf_charcount.o)
    0x08000f78   0x08000f78   0x0000041e   Code   RO         5893    .text               c_w.l(_printf_fp_dec.o)
    0x08001396   0x08001396   0x00000002   PAD
    0x08001398   0x08001398   0x00000030   Code   RO         5895    .text               c_w.l(_printf_char_common.o)
    0x080013c8   0x080013c8   0x0000000a   Code   RO         5897    .text               c_w.l(_sputc.o)
    0x080013d2   0x080013d2   0x00000010   Code   RO         5899    .text               c_w.l(_snputc.o)
    0x080013e2   0x080013e2   0x0000002c   Code   RO         5901    .text               c_w.l(_printf_char.o)
    0x0800140e   0x0800140e   0x00000002   PAD
    0x08001410   0x08001410   0x000000bc   Code   RO         5903    .text               c_w.l(_printf_wctomb.o)
    0x080014cc   0x080014cc   0x0000007c   Code   RO         5906    .text               c_w.l(_printf_longlong_dec.o)
    0x08001548   0x08001548   0x00000070   Code   RO         5912    .text               c_w.l(_printf_oct_int_ll.o)
    0x080015b8   0x080015b8   0x0000001c   Code   RO         5932    .text               c_w.l(_chval.o)
    0x080015d4   0x080015d4   0x0000002c   Code   RO         5934    .text               c_w.l(scanf_char.o)
    0x08001600   0x08001600   0x00000040   Code   RO         5936    .text               c_w.l(_sgetc.o)
    0x08001640   0x08001640   0x00000008   Code   RO         6041    .text               c_w.l(libspace.o)
    0x08001648   0x08001648   0x00000008   Code   RO         6064    .text               c_w.l(rt_locale_intlibspace.o)
    0x08001650   0x08001650   0x00000008   Code   RO         6069    .text               c_w.l(rt_errno_addr_intlibspace.o)
    0x08001658   0x08001658   0x00000034   Code   RO         6075    .text               c_w.l(h1_extend.o)
    0x0800168c   0x0800168c   0x0000008a   Code   RO         6079    .text               c_w.l(lludiv10.o)
    0x08001716   0x08001716   0x00000012   Code   RO         6081    .text               c_w.l(isspace.o)
    0x08001728   0x08001728   0x000002fc   Code   RO         6083    .text               c_w.l(_printf_fp_hex.o)
    0x08001a24   0x08001a24   0x00000080   Code   RO         6086    .text               c_w.l(_printf_fp_infnan.o)
    0x08001aa4   0x08001aa4   0x0000002c   Code   RO         6090    .text               c_w.l(_printf_wchar.o)
    0x08001ad0   0x08001ad0   0x00000374   Code   RO         6092    .text               c_w.l(_scanf.o)
    0x08001e44   0x08001e44   0x000000e4   Code   RO         6094    .text               c_w.l(bigflt0.o)
    0x08001f28   0x08001f28   0x00000040   Code   RO         6119    .text               c_w.l(_wcrtomb.o)
    0x08001f68   0x08001f68   0x0000000e   Code   RO         6127    .text               c_w.l(defsig_rtmem_outer.o)
    0x08001f76   0x08001f76   0x00000002   Code   RO         6144    .text               c_w.l(use_no_semi.o)
    0x08001f78   0x08001f78   0x00000000   Code   RO         6146    .text               c_w.l(indicate_semi.o)
    0x08001f78   0x08001f78   0x0000004a   Code   RO         6147    .text               c_w.l(sys_stackheap_outer.o)
    0x08001fc2   0x08001fc2   0x00000012   Code   RO         6153    .text               c_w.l(exit.o)
    0x08001fd4   0x08001fd4   0x0000000a   Code   RO         6155    .text               c_w.l(defsig_exit.o)
    0x08001fde   0x08001fde   0x00000002   PAD
    0x08001fe0   0x08001fe0   0x00000050   Code   RO         6161    .text               c_w.l(defsig_rtmem_inner.o)
    0x08002030   0x08002030   0x00000080   Code   RO         6163    .text               c_w.l(strcmpv7m.o)
    0x080020b0   0x080020b0   0x0000000c   Code   RO         6177    .text               c_w.l(sys_exit.o)
    0x080020bc   0x080020bc   0x00000032   Code   RO         6187    .text               c_w.l(defsig_general.o)
    0x080020ee   0x080020ee   0x0000000e   Code   RO         6211    .text               c_w.l(sys_wrch.o)
    0x080020fc   0x080020fc   0x0000003e   Code   RO         6097    CL$$btod_d2e        c_w.l(btod.o)
    0x0800213a   0x0800213a   0x00000046   Code   RO         6099    CL$$btod_d2e_denorm_low  c_w.l(btod.o)
    0x08002180   0x08002180   0x00000060   Code   RO         6098    CL$$btod_d2e_norm_op1  c_w.l(btod.o)
    0x080021e0   0x080021e0   0x00000338   Code   RO         6107    CL$$btod_div_common  c_w.l(btod.o)
    0x08002518   0x08002518   0x000000dc   Code   RO         6104    CL$$btod_e2e        c_w.l(btod.o)
    0x080025f4   0x080025f4   0x0000002a   Code   RO         6101    CL$$btod_ediv       c_w.l(btod.o)
    0x0800261e   0x0800261e   0x0000002a   Code   RO         6100    CL$$btod_emul       c_w.l(btod.o)
    0x08002648   0x08002648   0x00000244   Code   RO         6106    CL$$btod_mult_common  c_w.l(btod.o)
    0x0800288c   0x0800288c   0x00000138   Code   RO         4786    i.BASE64_Decode     base64.o
    0x080029c4   0x080029c4   0x00000114   Code   RO         4787    i.BASE64_Encode     base64.o
    0x08002ad8   0x08002ad8   0x00000002   Code   RO          476    i.BusFault_Handler  stm32g4xx_it.o
    0x08002ada   0x08002ada   0x00000002   PAD
    0x08002adc   0x08002adc   0x00000048   Code   RO         5308    i.Client_Control_Slide  motor.o
    0x08002b24   0x08002b24   0x00000120   Code   RO         5230    i.DH11_Read         dht11.o
    0x08002c44   0x08002c44   0x00000078   Code   RO         5231    i.DH11_Read_Byte    dht11.o
    0x08002cbc   0x08002cbc   0x00000024   Code   RO         5232    i.DH11_Task         dht11.o
    0x08002ce0   0x08002ce0   0x00000002   Code   RO          477    i.DebugMon_Handler  stm32g4xx_it.o
    0x08002ce2   0x08002ce2   0x00000002   PAD
    0x08002ce4   0x08002ce4   0x00000030   Code   RO         5233    i.Delay_us          dht11.o
    0x08002d14   0x08002d14   0x0000001c   Code   RO         4375    i.ESP8266_Clear     esp8266.o
    0x08002d30   0x08002d30   0x00000040   Code   RO         4376    i.ESP8266_GetIPD    esp8266.o
    0x08002d70   0x08002d70   0x00000188   Code   RO         4377    i.ESP8266_Init      esp8266.o
    0x08002ef8   0x08002ef8   0x00000048   Code   RO         4378    i.ESP8266_SendCmd   esp8266.o
    0x08002f40   0x08002f40   0x00000048   Code   RO         4379    i.ESP8266_SendData  esp8266.o
    0x08002f88   0x08002f88   0x00000020   Code   RO         4380    i.ESP8266_WaitRecive  esp8266.o
    0x08002fa8   0x08002fa8   0x00000008   Code   RO          478    i.EXTI15_10_IRQHandler  stm32g4xx_it.o
    0x08002fb0   0x08002fb0   0x00000004   Code   RO           13    i.Error_Handler     main.o
    0x08002fb4   0x08002fb4   0x0000006a   Code   RO         2099    i.HAL_DMA_Abort     stm32g4xx_hal_dma.o
    0x0800301e   0x0800301e   0x00000078   Code   RO         2100    i.HAL_DMA_Abort_IT  stm32g4xx_hal_dma.o
    0x08003096   0x08003096   0x00000002   PAD
    0x08003098   0x08003098   0x00000024   Code   RO         1236    i.HAL_Delay         stm32g4xx_hal.o
    0x080030bc   0x080030bc   0x00000002   Code   RO         1959    i.HAL_GPIO_EXTI_Callback  stm32g4xx_hal_gpio.o
    0x080030be   0x080030be   0x00000002   PAD
    0x080030c0   0x080030c0   0x00000018   Code   RO         1960    i.HAL_GPIO_EXTI_IRQHandler  stm32g4xx_hal_gpio.o
    0x080030d8   0x080030d8   0x00000248   Code   RO         1961    i.HAL_GPIO_Init     stm32g4xx_hal_gpio.o
    0x08003320   0x08003320   0x0000000a   Code   RO         1963    i.HAL_GPIO_ReadPin  stm32g4xx_hal_gpio.o
    0x0800332a   0x0800332a   0x0000000a   Code   RO         1965    i.HAL_GPIO_WritePin  stm32g4xx_hal_gpio.o
    0x08003334   0x08003334   0x0000000c   Code   RO         1240    i.HAL_GetTick       stm32g4xx_hal.o
    0x08003340   0x08003340   0x00000010   Code   RO         1246    i.HAL_IncTick       stm32g4xx_hal.o
    0x08003350   0x08003350   0x0000001e   Code   RO         1247    i.HAL_Init          stm32g4xx_hal.o
    0x0800336e   0x0800336e   0x00000002   PAD
    0x08003370   0x08003370   0x00000044   Code   RO         1248    i.HAL_InitTick      stm32g4xx_hal.o
    0x080033b4   0x080033b4   0x00000030   Code   RO          667    i.HAL_MspInit       stm32g4xx_hal_msp.o
    0x080033e4   0x080033e4   0x0000001a   Code   RO         2608    i.HAL_NVIC_EnableIRQ  stm32g4xx_hal_cortex.o
    0x080033fe   0x080033fe   0x00000002   PAD
    0x08003400   0x08003400   0x00000040   Code   RO         2614    i.HAL_NVIC_SetPriority  stm32g4xx_hal_cortex.o
    0x08003440   0x08003440   0x00000024   Code   RO         2615    i.HAL_NVIC_SetPriorityGrouping  stm32g4xx_hal_cortex.o
    0x08003464   0x08003464   0x000000bc   Code   RO         2364    i.HAL_PWREx_ControlVoltageScaling  stm32g4xx_hal_pwr_ex.o
    0x08003520   0x08003520   0x00000010   Code   RO         2376    i.HAL_PWREx_DisableUCPDDeadBattery  stm32g4xx_hal_pwr_ex.o
    0x08003530   0x08003530   0x00000010   Code   RO         2256    i.HAL_PWR_EnableBkUpAccess  stm32g4xx_hal_pwr.o
    0x08003540   0x08003540   0x00000300   Code   RO         1607    i.HAL_RCCEx_PeriphCLKConfig  stm32g4xx_hal_rcc_ex.o
    0x08003840   0x08003840   0x000001dc   Code   RO         1482    i.HAL_RCC_ClockConfig  stm32g4xx_hal_rcc.o
    0x08003a1c   0x08003a1c   0x00000024   Code   RO         1490    i.HAL_RCC_GetPCLK1Freq  stm32g4xx_hal_rcc.o
    0x08003a40   0x08003a40   0x00000024   Code   RO         1491    i.HAL_RCC_GetPCLK2Freq  stm32g4xx_hal_rcc.o
    0x08003a64   0x08003a64   0x00000070   Code   RO         1492    i.HAL_RCC_GetSysClockFreq  stm32g4xx_hal_rcc.o
    0x08003ad4   0x08003ad4   0x00000404   Code   RO         1495    i.HAL_RCC_OscConfig  stm32g4xx_hal_rcc.o
    0x08003ed8   0x08003ed8   0x0000000c   Code   RO         2911    i.HAL_RTCEx_BKUPRead  stm32g4xx_hal_rtc_ex.o
    0x08003ee4   0x08003ee4   0x0000000c   Code   RO         2912    i.HAL_RTCEx_BKUPWrite  stm32g4xx_hal_rtc_ex.o
    0x08003ef0   0x08003ef0   0x00000044   Code   RO         2748    i.HAL_RTC_GetDate   stm32g4xx_hal_rtc.o
    0x08003f34   0x08003f34   0x00000054   Code   RO         2750    i.HAL_RTC_GetTime   stm32g4xx_hal_rtc.o
    0x08003f88   0x08003f88   0x0000009c   Code   RO         2751    i.HAL_RTC_Init      stm32g4xx_hal_rtc.o
    0x08004024   0x08004024   0x00000058   Code   RO          339    i.HAL_RTC_MspInit   rtc.o
    0x0800407c   0x0800407c   0x000000a0   Code   RO         2757    i.HAL_RTC_SetDate   stm32g4xx_hal_rtc.o
    0x0800411c   0x0800411c   0x000000cc   Code   RO         2758    i.HAL_RTC_SetTime   stm32g4xx_hal_rtc.o
    0x080041e8   0x080041e8   0x00000038   Code   RO         2759    i.HAL_RTC_WaitForSynchro  stm32g4xx_hal_rtc.o
    0x08004220   0x08004220   0x00000028   Code   RO         2619    i.HAL_SYSTICK_Config  stm32g4xx_hal_cortex.o
    0x08004248   0x08004248   0x00000002   Code   RO         3908    i.HAL_TIMEx_Break2Callback  stm32g4xx_hal_tim_ex.o
    0x0800424a   0x0800424a   0x00000002   Code   RO         3909    i.HAL_TIMEx_BreakCallback  stm32g4xx_hal_tim_ex.o
    0x0800424c   0x0800424c   0x00000002   Code   RO         3910    i.HAL_TIMEx_CommutCallback  stm32g4xx_hal_tim_ex.o
    0x0800424e   0x0800424e   0x00000002   PAD
    0x08004250   0x08004250   0x000000a8   Code   RO         3913    i.HAL_TIMEx_ConfigBreakDeadTime  stm32g4xx_hal_tim_ex.o
    0x080042f8   0x080042f8   0x00000002   Code   RO         3921    i.HAL_TIMEx_DirectionChangeCallback  stm32g4xx_hal_tim_ex.o
    0x080042fa   0x080042fa   0x00000002   Code   RO         3935    i.HAL_TIMEx_EncoderIndexCallback  stm32g4xx_hal_tim_ex.o
    0x080042fc   0x080042fc   0x00000002   Code   RO         3949    i.HAL_TIMEx_IndexErrorCallback  stm32g4xx_hal_tim_ex.o
    0x080042fe   0x080042fe   0x00000002   PAD
    0x08004300   0x08004300   0x000000b8   Code   RO         3950    i.HAL_TIMEx_MasterConfigSynchronization  stm32g4xx_hal_tim_ex.o
    0x080043b8   0x080043b8   0x00000002   Code   RO         3971    i.HAL_TIMEx_TransitionErrorCallback  stm32g4xx_hal_tim_ex.o
    0x080043ba   0x080043ba   0x00000062   Code   RO         3194    i.HAL_TIM_Base_Init  stm32g4xx_hal_tim.o
    0x0800441c   0x0800441c   0x00000064   Code   RO          381    i.HAL_TIM_Base_MspInit  tim.o
    0x08004480   0x08004480   0x00000080   Code   RO         3197    i.HAL_TIM_Base_Start  stm32g4xx_hal_tim.o
    0x08004500   0x08004500   0x00000026   Code   RO         3200    i.HAL_TIM_Base_Stop  stm32g4xx_hal_tim.o
    0x08004526   0x08004526   0x00000002   PAD
    0x08004528   0x08004528   0x000000f0   Code   RO         3203    i.HAL_TIM_ConfigClockSource  stm32g4xx_hal_tim.o
    0x08004618   0x08004618   0x00000002   Code   RO         3228    i.HAL_TIM_IC_CaptureCallback  stm32g4xx_hal_tim.o
    0x0800461a   0x0800461a   0x000001a2   Code   RO         3242    i.HAL_TIM_IRQHandler  stm32g4xx_hal_tim.o
    0x080047bc   0x080047bc   0x0000011c   Code   RO          382    i.HAL_TIM_MspPostInit  tim.o
    0x080048d8   0x080048d8   0x00000002   Code   RO         3245    i.HAL_TIM_OC_DelayElapsedCallback  stm32g4xx_hal_tim.o
    0x080048da   0x080048da   0x00000124   Code   RO         3266    i.HAL_TIM_PWM_ConfigChannel  stm32g4xx_hal_tim.o
    0x080049fe   0x080049fe   0x00000062   Code   RO         3269    i.HAL_TIM_PWM_Init  stm32g4xx_hal_tim.o
    0x08004a60   0x08004a60   0x00000138   Code   RO          384    i.HAL_TIM_PWM_MspInit  tim.o
    0x08004b98   0x08004b98   0x0000013c   Code   RO         5309    i.HAL_TIM_PWM_PulseFinishedCallback  motor.o
    0x08004cd4   0x08004cd4   0x00000114   Code   RO         3274    i.HAL_TIM_PWM_Start  stm32g4xx_hal_tim.o
    0x08004de8   0x08004de8   0x00000140   Code   RO         3276    i.HAL_TIM_PWM_Start_IT  stm32g4xx_hal_tim.o
    0x08004f28   0x08004f28   0x000000b8   Code   RO         3277    i.HAL_TIM_PWM_Stop  stm32g4xx_hal_tim.o
    0x08004fe0   0x08004fe0   0x000000f8   Code   RO         3279    i.HAL_TIM_PWM_Stop_IT  stm32g4xx_hal_tim.o
    0x080050d8   0x080050d8   0x00000002   Code   RO         3280    i.HAL_TIM_PeriodElapsedCallback  stm32g4xx_hal_tim.o
    0x080050da   0x080050da   0x00000002   Code   RO         3285    i.HAL_TIM_TriggerCallback  stm32g4xx_hal_tim.o
    0x080050dc   0x080050dc   0x0000003e   Code   RO         1111    i.HAL_UARTEx_DisableFifoMode  stm32g4xx_hal_uart_ex.o
    0x0800511a   0x0800511a   0x00000002   Code   RO          700    i.HAL_UARTEx_RxEventCallback  stm32g4xx_hal_uart.o
    0x0800511c   0x0800511c   0x00000002   Code   RO         1119    i.HAL_UARTEx_RxFifoFullCallback  stm32g4xx_hal_uart_ex.o
    0x0800511e   0x0800511e   0x0000004c   Code   RO         1120    i.HAL_UARTEx_SetRxFifoThreshold  stm32g4xx_hal_uart_ex.o
    0x0800516a   0x0800516a   0x0000004c   Code   RO         1121    i.HAL_UARTEx_SetTxFifoThreshold  stm32g4xx_hal_uart_ex.o
    0x080051b6   0x080051b6   0x00000002   Code   RO         1123    i.HAL_UARTEx_TxFifoEmptyCallback  stm32g4xx_hal_uart_ex.o
    0x080051b8   0x080051b8   0x00000002   Code   RO         1124    i.HAL_UARTEx_WakeupCallback  stm32g4xx_hal_uart_ex.o
    0x080051ba   0x080051ba   0x00000002   Code   RO          716    i.HAL_UART_ErrorCallback  stm32g4xx_hal_uart.o
    0x080051bc   0x080051bc   0x0000000c   Code   RO          718    i.HAL_UART_GetState  stm32g4xx_hal_uart.o
    0x080051c8   0x080051c8   0x0000030c   Code   RO          719    i.HAL_UART_IRQHandler  stm32g4xx_hal_uart.o
    0x080054d4   0x080054d4   0x0000006a   Code   RO          720    i.HAL_UART_Init     stm32g4xx_hal_uart.o
    0x0800553e   0x0800553e   0x00000002   PAD
    0x08005540   0x08005540   0x0000023c   Code   RO          254    i.HAL_UART_MspInit  usart.o
    0x0800577c   0x0800577c   0x00000048   Code   RO          725    i.HAL_UART_Receive_IT  stm32g4xx_hal_uart.o
    0x080057c4   0x080057c4   0x00000174   Code   RO           14    i.HAL_UART_RxCpltCallback  main.o
    0x08005938   0x08005938   0x000000ae   Code   RO          729    i.HAL_UART_Transmit  stm32g4xx_hal_uart.o
    0x080059e6   0x080059e6   0x00000002   Code   RO          732    i.HAL_UART_TxCpltCallback  stm32g4xx_hal_uart.o
    0x080059e8   0x080059e8   0x00000002   Code   RO          479    i.HardFault_Handler  stm32g4xx_it.o
    0x080059ea   0x080059ea   0x00000002   PAD
    0x080059ec   0x080059ec   0x0000000c   Code   RO          480    i.LPUART1_IRQHandler  stm32g4xx_it.o
    0x080059f8   0x080059f8   0x0000001c   Code   RO         4967    i.MQTT_DeleteBuffer  mqttkit.o
    0x08005a14   0x08005a14   0x00000026   Code   RO         4968    i.MQTT_DumpLength   mqttkit.o
    0x08005a3a   0x08005a3a   0x00000052   Code   RO         4969    i.MQTT_NewBuffer    mqttkit.o
    0x08005a8c   0x08005a8c   0x00000264   Code   RO         4971    i.MQTT_PacketConnect  mqttkit.o
    0x08005cf0   0x08005cf0   0x0000015a   Code   RO         4974    i.MQTT_PacketPublish  mqttkit.o
    0x08005e4a   0x08005e4a   0x00000002   PAD
    0x08005e4c   0x08005e4c   0x00000058   Code   RO         4980    i.MQTT_PacketSaveData  mqttkit.o
    0x08005ea4   0x08005ea4   0x000000da   Code   RO         4981    i.MQTT_PacketSubscribe  mqttkit.o
    0x08005f7e   0x08005f7e   0x0000003e   Code   RO         4983    i.MQTT_ReadLength   mqttkit.o
    0x08005fbc   0x08005fbc   0x0000001a   Code   RO         4985    i.MQTT_UnPacketConnectAck  mqttkit.o
    0x08005fd6   0x08005fd6   0x00000002   PAD
    0x08005fd8   0x08005fd8   0x00000150   Code   RO         4986    i.MQTT_UnPacketPublish  mqttkit.o
    0x08006128   0x08006128   0x00000018   Code   RO         4987    i.MQTT_UnPacketPublishAck  mqttkit.o
    0x08006140   0x08006140   0x00000060   Code   RO         4991    i.MQTT_UnPacketRecv  mqttkit.o
    0x080061a0   0x080061a0   0x0000002c   Code   RO         4992    i.MQTT_UnPacketSubscribe  mqttkit.o
    0x080061cc   0x080061cc   0x00000100   Code   RO          229    i.MX_GPIO_Init      gpio.o
    0x080062cc   0x080062cc   0x00000064   Code   RO          255    i.MX_LPUART1_UART_Init  usart.o
    0x08006330   0x08006330   0x000000a4   Code   RO          340    i.MX_RTC_Init       rtc.o
    0x080063d4   0x080063d4   0x0000006c   Code   RO          385    i.MX_TIM1_Init      tim.o
    0x08006440   0x08006440   0x000000b8   Code   RO          386    i.MX_TIM20_Init     tim.o
    0x080064f8   0x080064f8   0x00000084   Code   RO          387    i.MX_TIM2_Init      tim.o
    0x0800657c   0x0800657c   0x00000098   Code   RO          388    i.MX_TIM3_Init      tim.o
    0x08006614   0x08006614   0x00000078   Code   RO          389    i.MX_TIM4_Init      tim.o
    0x0800668c   0x0800668c   0x00000078   Code   RO          390    i.MX_TIM5_Init      tim.o
    0x08006704   0x08006704   0x000000b8   Code   RO          391    i.MX_TIM8_Init      tim.o
    0x080067bc   0x080067bc   0x00000068   Code   RO          256    i.MX_UART4_Init     usart.o
    0x08006824   0x08006824   0x00000068   Code   RO          257    i.MX_UART5_Init     usart.o
    0x0800688c   0x0800688c   0x00000068   Code   RO          258    i.MX_USART1_UART_Init  usart.o
    0x080068f4   0x080068f4   0x00000068   Code   RO          259    i.MX_USART3_UART_Init  usart.o
    0x0800695c   0x0800695c   0x00000002   Code   RO          481    i.MemManage_Handler  stm32g4xx_it.o
    0x0800695e   0x0800695e   0x00000002   Code   RO          482    i.NMI_Handler       stm32g4xx_it.o
    0x08006960   0x08006960   0x000000d0   Code   RO         4869    i.OTA_UrlEncode     onenet.o
    0x08006a30   0x08006a30   0x00000198   Code   RO         4870    i.OneNET_Authorization  onenet.o
    0x08006bc8   0x08006bc8   0x000000a8   Code   RO         4873    i.OneNET_Subscribe  onenet.o
    0x08006c70   0x08006c70   0x00000264   Code   RO         4874    i.OneNet_DevLink    onenet.o
    0x08006ed4   0x08006ed4   0x0000018c   Code   RO         4875    i.OneNet_FillBuf    onenet.o
    0x08007060   0x08007060   0x000001dc   Code   RO         4876    i.OneNet_RevPro     onenet.o
    0x0800723c   0x0800723c   0x000000a8   Code   RO         4877    i.OneNet_SendData   onenet.o
    0x080072e4   0x080072e4   0x00000038   Code   RO         5434    i.Page_num6         display.o
    0x0800731c   0x0800731c   0x00000038   Code   RO         5435    i.Page_num7         display.o
    0x08007354   0x08007354   0x00000164   Code   RO         5436    i.Page_turn         display.o
    0x080074b8   0x080074b8   0x00000002   Code   RO          483    i.PendSV_Handler    stm32g4xx_it.o
    0x080074ba   0x080074ba   0x00000002   PAD
    0x080074bc   0x080074bc   0x00000108   Code   RO         5371    i.Prescription_task  task.o
    0x080075c4   0x080075c4   0x000000bc   Code   RO         5490    i.RFID_Init         warehouse.o
    0x08007680   0x08007680   0x00000012   Code   RO         2760    i.RTC_Bcd2ToByte    stm32g4xx_hal_rtc.o
    0x08007692   0x08007692   0x00000018   Code   RO         2761    i.RTC_ByteToBcd2    stm32g4xx_hal_rtc.o
    0x080076aa   0x080076aa   0x00000002   PAD
    0x080076ac   0x080076ac   0x0000004a   Code   RO         2762    i.RTC_EnterInitMode  stm32g4xx_hal_rtc.o
    0x080076f6   0x080076f6   0x00000050   Code   RO         2763    i.RTC_ExitInitMode  stm32g4xx_hal_rtc.o
    0x08007746   0x08007746   0x00000002   Code   RO          484    i.SVC_Handler       stm32g4xx_it.o
    0x08007748   0x08007748   0x00000068   Code   RO         5437    i.Send_message      display.o
    0x080077b0   0x080077b0   0x00000030   Code   RO         5537    i.Slide_1_Left      small_slide_move.o
    0x080077e0   0x080077e0   0x00000030   Code   RO         5538    i.Slide_1_Right     small_slide_move.o
    0x08007810   0x08007810   0x00000028   Code   RO         5539    i.Slide_1_move      small_slide_move.o
    0x08007838   0x08007838   0x0000002c   Code   RO         5540    i.Slide_2_Left      small_slide_move.o
    0x08007864   0x08007864   0x0000002c   Code   RO         5541    i.Slide_2_Right     small_slide_move.o
    0x08007890   0x08007890   0x00000028   Code   RO         5542    i.Slide_2_move      small_slide_move.o
    0x080078b8   0x080078b8   0x00000030   Code   RO         5543    i.Slide_3_Left      small_slide_move.o
    0x080078e8   0x080078e8   0x00000030   Code   RO         5544    i.Slide_3_Right     small_slide_move.o
    0x08007918   0x08007918   0x00000028   Code   RO         5545    i.Slide_3_move      small_slide_move.o
    0x08007940   0x08007940   0x00000030   Code   RO         5546    i.Slide_4_Left      small_slide_move.o
    0x08007970   0x08007970   0x00000030   Code   RO         5547    i.Slide_4_Right     small_slide_move.o
    0x080079a0   0x080079a0   0x00000028   Code   RO         5548    i.Slide_4_move      small_slide_move.o
    0x080079c8   0x080079c8   0x00000030   Code   RO         5310    i.Slide_Work        motor.o
    0x080079f8   0x080079f8   0x00000020   Code   RO         5311    i.Slide_X_Left      motor.o
    0x08007a18   0x08007a18   0x00000024   Code   RO         5312    i.Slide_X_Right     motor.o
    0x08007a3c   0x08007a3c   0x000000f4   Code   RO         5549    i.SmallSlide_pro    small_slide_move.o
    0x08007b30   0x08007b30   0x00000098   Code   RO         5372    i.Small_slide_move  task.o
    0x08007bc8   0x08007bc8   0x00000004   Code   RO          485    i.SysTick_Handler   stm32g4xx_it.o
    0x08007bcc   0x08007bcc   0x00000080   Code   RO           15    i.SystemClock_Config  main.o
    0x08007c4c   0x08007c4c   0x00000010   Code   RO         4338    i.SystemInit        system_stm32g4xx.o
    0x08007c5c   0x08007c5c   0x0000000c   Code   RO          486    i.TIM1_CC_IRQHandler  stm32g4xx_it.o
    0x08007c68   0x08007c68   0x0000000c   Code   RO          487    i.TIM20_BRK_IRQHandler  stm32g4xx_it.o
    0x08007c74   0x08007c74   0x0000000c   Code   RO          488    i.TIM20_CC_IRQHandler  stm32g4xx_it.o
    0x08007c80   0x08007c80   0x0000000c   Code   RO          489    i.TIM20_TRG_COM_IRQHandler  stm32g4xx_it.o
    0x08007c8c   0x08007c8c   0x0000000c   Code   RO          490    i.TIM20_UP_IRQHandler  stm32g4xx_it.o
    0x08007c98   0x08007c98   0x0000000c   Code   RO          491    i.TIM2_IRQHandler   stm32g4xx_it.o
    0x08007ca4   0x08007ca4   0x0000000c   Code   RO          492    i.TIM3_IRQHandler   stm32g4xx_it.o
    0x08007cb0   0x08007cb0   0x0000000c   Code   RO          493    i.TIM4_IRQHandler   stm32g4xx_it.o
    0x08007cbc   0x08007cbc   0x0000000c   Code   RO          494    i.TIM5_IRQHandler   stm32g4xx_it.o
    0x08007cc8   0x08007cc8   0x0000000c   Code   RO          495    i.TIM8_BRK_IRQHandler  stm32g4xx_it.o
    0x08007cd4   0x08007cd4   0x0000000c   Code   RO          496    i.TIM8_CC_IRQHandler  stm32g4xx_it.o
    0x08007ce0   0x08007ce0   0x0000000c   Code   RO          497    i.TIM8_TRG_COM_IRQHandler  stm32g4xx_it.o
    0x08007cec   0x08007cec   0x0000000c   Code   RO          498    i.TIM8_UP_IRQHandler  stm32g4xx_it.o
    0x08007cf8   0x08007cf8   0x000000e4   Code   RO         3287    i.TIM_Base_SetConfig  stm32g4xx_hal_tim.o
    0x08007ddc   0x08007ddc   0x0000001a   Code   RO         3288    i.TIM_CCxChannelCmd  stm32g4xx_hal_tim.o
    0x08007df6   0x08007df6   0x00000014   Code   RO         3298    i.TIM_ETR_SetConfig  stm32g4xx_hal_tim.o
    0x08007e0a   0x08007e0a   0x00000002   PAD
    0x08007e0c   0x08007e0c   0x00000014   Code   RO         3299    i.TIM_ITRx_SetConfig  stm32g4xx_hal_tim.o
    0x08007e20   0x08007e20   0x000000ac   Code   RO         3300    i.TIM_OC1_SetConfig  stm32g4xx_hal_tim.o
    0x08007ecc   0x08007ecc   0x000000a0   Code   RO         3301    i.TIM_OC2_SetConfig  stm32g4xx_hal_tim.o
    0x08007f6c   0x08007f6c   0x000000a0   Code   RO         3302    i.TIM_OC3_SetConfig  stm32g4xx_hal_tim.o
    0x0800800c   0x0800800c   0x000000a0   Code   RO         3303    i.TIM_OC4_SetConfig  stm32g4xx_hal_tim.o
    0x080080ac   0x080080ac   0x00000078   Code   RO         3304    i.TIM_OC5_SetConfig  stm32g4xx_hal_tim.o
    0x08008124   0x08008124   0x0000007c   Code   RO         3305    i.TIM_OC6_SetConfig  stm32g4xx_hal_tim.o
    0x080081a0   0x080081a0   0x00000022   Code   RO         3307    i.TIM_TI1_ConfigInputStage  stm32g4xx_hal_tim.o
    0x080081c2   0x080081c2   0x00000024   Code   RO         3309    i.TIM_TI2_ConfigInputStage  stm32g4xx_hal_tim.o
    0x080081e6   0x080081e6   0x00000002   PAD
    0x080081e8   0x080081e8   0x00000060   Code   RO         5373    i.Timed_task        task.o
    0x08008248   0x08008248   0x0000002c   Code   RO           16    i.Track_Init        main.o
    0x08008274   0x08008274   0x0000000c   Code   RO          499    i.UART4_IRQHandler  stm32g4xx_it.o
    0x08008280   0x08008280   0x00000044   Code   RO         1125    i.UARTEx_SetNbDataToProcess  stm32g4xx_hal_uart_ex.o
    0x080082c4   0x080082c4   0x000000c8   Code   RO          734    i.UART_AdvFeatureConfig  stm32g4xx_hal_uart.o
    0x0800838c   0x0800838c   0x000000ac   Code   RO          735    i.UART_CheckIdleState  stm32g4xx_hal_uart.o
    0x08008438   0x08008438   0x00000014   Code   RO          736    i.UART_DMAAbortOnError  stm32g4xx_hal_uart.o
    0x0800844c   0x0800844c   0x00000054   Code   RO          746    i.UART_EndRxTransfer  stm32g4xx_hal_uart.o
    0x080084a0   0x080084a0   0x000000c8   Code   RO          748    i.UART_RxISR_16BIT  stm32g4xx_hal_uart.o
    0x08008568   0x08008568   0x000001a0   Code   RO          749    i.UART_RxISR_16BIT_FIFOEN  stm32g4xx_hal_uart.o
    0x08008708   0x08008708   0x000000c8   Code   RO          750    i.UART_RxISR_8BIT   stm32g4xx_hal_uart.o
    0x080087d0   0x080087d0   0x000001a0   Code   RO          751    i.UART_RxISR_8BIT_FIFOEN  stm32g4xx_hal_uart.o
    0x08008970   0x08008970   0x00000298   Code   RO          752    i.UART_SetConfig    stm32g4xx_hal_uart.o
    0x08008c08   0x08008c08   0x00000110   Code   RO          754    i.UART_Start_Receive_IT  stm32g4xx_hal_uart.o
    0x08008d18   0x08008d18   0x00000094   Code   RO          759    i.UART_WaitOnFlagUntilTimeout  stm32g4xx_hal_uart.o
    0x08008dac   0x08008dac   0x00000048   Code   RO          500    i.USART1_IRQHandler  stm32g4xx_it.o
    0x08008df4   0x08008df4   0x0000000c   Code   RO          501    i.USART3_IRQHandler  stm32g4xx_it.o
    0x08008e00   0x08008e00   0x00000002   Code   RO          502    i.UsageFault_Handler  stm32g4xx_it.o
    0x08008e02   0x08008e02   0x00000036   Code   RO          261    i.UsartPrintf       usart.o
    0x08008e38   0x08008e38   0x00000018   Code   RO         4381    i.Usart_SendString  esp8266.o
    0x08008e50   0x08008e50   0x000000b8   Code   RO         5491    i.Warehouse_Management  warehouse.o
    0x08008f08   0x08008f08   0x00000030   Code   RO         6022    i.__ARM_fpclassify  m_wm.l(fpclassify.o)
    0x08008f38   0x08008f38   0x00000020   Code   RO         2621    i.__NVIC_SetPriority  stm32g4xx_hal_cortex.o
    0x08008f58   0x08008f58   0x00000c50   Code   RO         5837    i.__hardfp_pow      m_wm.l(pow.o)
    0x08009ba8   0x08009ba8   0x000000f8   Code   RO         6024    i.__kernel_poly     m_wm.l(poly.o)
    0x08009ca0   0x08009ca0   0x00000030   Code   RO         6008    i.__mathlib_dbl_divzero  m_wm.l(dunder.o)
    0x08009cd0   0x08009cd0   0x00000014   Code   RO         6010    i.__mathlib_dbl_infnan2  m_wm.l(dunder.o)
    0x08009ce4   0x08009ce4   0x00000004   PAD
    0x08009ce8   0x08009ce8   0x00000020   Code   RO         6011    i.__mathlib_dbl_invalid  m_wm.l(dunder.o)
    0x08009d08   0x08009d08   0x00000020   Code   RO         6012    i.__mathlib_dbl_overflow  m_wm.l(dunder.o)
    0x08009d28   0x08009d28   0x00000020   Code   RO         6014    i.__mathlib_dbl_underflow  m_wm.l(dunder.o)
    0x08009d48   0x08009d48   0x0000000e   Code   RO         5749    i._is_digit         c_w.l(__printf_wp.o)
    0x08009d56   0x08009d56   0x00000002   PAD
    0x08009d58   0x08009d58   0x00000048   Code   RO         4455    i.cJSON_Delete      cjson.o
    0x08009da0   0x08009da0   0x0000001c   Code   RO         4464    i.cJSON_GetObjectItem  cjson.o
    0x08009dbc   0x08009dbc   0x0000001c   Code   RO         4468    i.cJSON_New_Item    cjson.o
    0x08009dd8   0x08009dd8   0x00000008   Code   RO         4469    i.cJSON_Parse       cjson.o
    0x08009de0   0x08009de0   0x00000060   Code   RO         4470    i.cJSON_ParseWithOpts  cjson.o
    0x08009e40   0x08009e40   0x00000042   Code   RO         4476    i.cJSON_strcasecmp  cjson.o
    0x08009e82   0x08009e82   0x00000002   PAD
    0x08009e84   0x08009e84   0x00000040   Code   RO         5374    i.caterpillar_band_move  task.o
    0x08009ec4   0x08009ec4   0x00000018   Code   RO         5827    i.fabs              m_wm.l(fabs.o)
    0x08009edc   0x08009edc   0x00000038   Code   RO         4809    i.ft                hmac_sha1.o
    0x08009f14   0x08009f14   0x000000f0   Code   RO         4810    i.hmac_sha1         hmac_sha1.o
    0x0800a004   0x0800a004   0x00000034   Code   RO         4811    i.k                 hmac_sha1.o
    0x0800a038   0x0800a038   0x000001c0   Code   RO           17    i.main              main.o
    0x0800a1f8   0x0800a1f8   0x00000178   Code   RO         5375    i.medicine_pro      task.o
    0x0800a370   0x0800a370   0x00000078   Code   RO         4480    i.parse_array       cjson.o
    0x0800a3e8   0x0800a3e8   0x000000a6   Code   RO         4481    i.parse_hex4        cjson.o
    0x0800a48e   0x0800a48e   0x00000002   PAD
    0x0800a490   0x0800a490   0x00000194   Code   RO         4482    i.parse_number      cjson.o
    0x0800a624   0x0800a624   0x000000b8   Code   RO         4483    i.parse_object      cjson.o
    0x0800a6dc   0x0800a6dc   0x00000180   Code   RO         4484    i.parse_string      cjson.o
    0x0800a85c   0x0800a85c   0x000000b4   Code   RO         4485    i.parse_value       cjson.o
    0x0800a910   0x0800a910   0x0000001c   Code   RO         4812    i.rotl              hmac_sha1.o
    0x0800a92c   0x0800a92c   0x000001e4   Code   RO         4814    i.sha1              hmac_sha1.o
    0x0800ab10   0x0800ab10   0x00000014   Code   RO         4492    i.skip              cjson.o
    0x0800ab24   0x0800ab24   0x0000006e   Code   RO         6029    i.sqrt              m_wm.l(sqrt.o)
    0x0800ab92   0x0800ab92   0x00000002   PAD
    0x0800ab94   0x0800ab94   0x00000030   Code   RO         5278    i.voice_uart_printf  voice.o
    0x0800abc4   0x0800abc4   0x0000002c   Code   RO         6122    locale$$code        c_w.l(lc_ctype_c.o)
    0x0800abf0   0x0800abf0   0x0000002c   Code   RO         6125    locale$$code        c_w.l(lc_numeric_c.o)
    0x0800ac1c   0x0800ac1c   0x00000018   Code   RO         5985    x$fpl$basic         fz_wm.l(basic.o)
    0x0800ac34   0x0800ac34   0x00000150   Code   RO         5797    x$fpl$dadd          fz_wm.l(daddsub_clz.o)
    0x0800ad84   0x0800ad84   0x00000010   Code   RO         6136    x$fpl$dcheck1       fz_wm.l(dcheck1.o)
    0x0800ad94   0x0800ad94   0x00000018   Code   RO         5987    x$fpl$dcmpinf       fz_wm.l(dcmpi.o)
    0x0800adac   0x0800adac   0x000002b0   Code   RO         5990    x$fpl$ddiv          fz_wm.l(ddiv.o)
    0x0800b05c   0x0800b05c   0x0000005e   Code   RO         5805    x$fpl$dfix          fz_wm.l(dfix.o)
    0x0800b0ba   0x0800b0ba   0x0000002e   Code   RO         5810    x$fpl$dflt          fz_wm.l(dflt_clz.o)
    0x0800b0e8   0x0800b0e8   0x00000078   Code   RO         5815    x$fpl$dleqf         fz_wm.l(dleqf.o)
    0x0800b160   0x0800b160   0x00000154   Code   RO         5817    x$fpl$dmul          fz_wm.l(dmul.o)
    0x0800b2b4   0x0800b2b4   0x0000009c   Code   RO         5993    x$fpl$dnaninf       fz_wm.l(dnaninf.o)
    0x0800b350   0x0800b350   0x0000000c   Code   RO         5995    x$fpl$dretinf       fz_wm.l(dretinf.o)
    0x0800b35c   0x0800b35c   0x0000006c   Code   RO         5819    x$fpl$drleqf        fz_wm.l(drleqf.o)
    0x0800b3c8   0x0800b3c8   0x00000016   Code   RO         5798    x$fpl$drsb          fz_wm.l(daddsub_clz.o)
    0x0800b3de   0x0800b3de   0x00000002   PAD
    0x0800b3e0   0x0800b3e0   0x00000198   Code   RO         6138    x$fpl$dsqrt         fz_wm.l(dsqrt_umaal.o)
    0x0800b578   0x0800b578   0x000001d4   Code   RO         5799    x$fpl$dsub          fz_wm.l(daddsub_clz.o)
    0x0800b74c   0x0800b74c   0x0000000a   Code   RO         6140    x$fpl$fpinit        fz_wm.l(fpinit.o)
    0x0800b756   0x0800b756   0x00000004   Code   RO         5823    x$fpl$printf1       fz_wm.l(printf1.o)
    0x0800b75a   0x0800b75a   0x00000004   Code   RO         5999    x$fpl$printf2       fz_wm.l(printf2.o)
    0x0800b75e   0x0800b75e   0x00000064   Code   RO         6175    x$fpl$retnan        fz_wm.l(retnan.o)
    0x0800b7c2   0x0800b7c2   0x0000005c   Code   RO         6005    x$fpl$scalbn        fz_wm.l(scalbn.o)
    0x0800b81e   0x0800b81e   0x00000030   Code   RO         6209    x$fpl$trapveneer    fz_wm.l(trapv.o)
    0x0800b84e   0x0800b84e   0x00000000   Code   RO         6007    x$fpl$usenofp       fz_wm.l(usenofp.o)
    0x0800b84e   0x0800b84e   0x00000018   Data   RO          760    .constdata          stm32g4xx_hal_uart.o
    0x0800b866   0x0800b866   0x00000010   Data   RO         1126    .constdata          stm32g4xx_hal_uart_ex.o
    0x0800b876   0x0800b876   0x00000010   Data   RO         4339    .constdata          system_stm32g4xx.o
    0x0800b886   0x0800b886   0x00000008   Data   RO         4340    .constdata          system_stm32g4xx.o
    0x0800b88e   0x0800b88e   0x00000007   Data   RO         4494    .constdata          cjson.o
    0x0800b895   0x0800b895   0x000000c0   Data   RO         4788    .constdata          base64.o
    0x0800b955   0x0800b955   0x00000028   Data   RO         5737    .constdata          c_w.l(_printf_hex_int_ll_ptr.o)
    0x0800b97d   0x0800b97d   0x00000011   Data   RO         5757    .constdata          c_w.l(__printf_flags_ss_wp.o)
    0x0800b98e   0x0800b98e   0x00000002   PAD
    0x0800b990   0x0800b990   0x00000088   Data   RO         5840    .constdata          m_wm.l(pow.o)
    0x0800ba18   0x0800ba18   0x00000008   Data   RO         5904    .constdata          c_w.l(_printf_wctomb.o)
    0x0800ba20   0x0800ba20   0x00000008   Data   RO         6026    .constdata          m_wm.l(qnan.o)
    0x0800ba28   0x0800ba28   0x00000026   Data   RO         6084    .constdata          c_w.l(_printf_fp_hex.o)
    0x0800ba4e   0x0800ba4e   0x00000002   PAD
    0x0800ba50   0x0800ba50   0x00000094   Data   RO         6095    .constdata          c_w.l(bigflt0.o)
    0x0800bae4   0x0800bae4   0x00000047   Data   RO         4879    .conststring        onenet.o
    0x0800bb2b   0x0800bb2b   0x00000001   PAD
    0x0800bb2c   0x0800bb2c   0x00000020   Data   RO         6239    Region$$Table       anon$$obj.o
    0x0800bb4c   0x0800bb4c   0x00000110   Data   RO         6121    locale$$data        c_w.l(lc_ctype_c.o)
    0x0800bc5c   0x0800bc5c   0x0000001c   Data   RO         6124    locale$$data        c_w.l(lc_numeric_c.o)


    Execution Region RW_IRAM1 (Exec base: 0x20000000, Load base: 0x0800bc78, Size: 0x00003ce8, Max: 0x00020000, ABSOLUTE)

    Exec Addr    Load Addr    Size         Type   Attr      Idx    E Section Name        Object

    0x20000000   0x0800bc78   0x00000014   Data   RW           20    .data               main.o
    0x20000014   0x0800bc8c   0x0000000c   Data   RW         1267    .data               stm32g4xx_hal.o
    0x20000020   0x0800bc98   0x00000004   Data   RW         4341    .data               system_stm32g4xx.o
    0x20000024   0x0800bc9c   0x00000004   Data   RW         4383    .data               esp8266.o
    0x20000028   0x0800bca0   0x0000000c   Data   RW         4495    .data               cjson.o
    0x20000034   0x0800bcac   0x0000001c   Data   RW         4880    .data               onenet.o
    0x20000050   0x0800bcc8   0x00000001   Data   RW         5170    .data               uart.o
    0x20000051   0x0800bcc9   0x00000008   Data   RW         5234    .data               dht11.o
    0x20000059   0x0800bcd1   0x00000003   PAD
    0x2000005c   0x0800bcd4   0x00000008   Data   RW         5315    .data               motor.o
    0x20000064   0x0800bcdc   0x00000010   Data   RW         5376    .data               task.o
    0x20000074   0x0800bcec   0x00000014   Data   RW         5492    .data               warehouse.o
    0x20000088   0x0800bd00   0x00000001   Data   RW         5493    .data               warehouse.o
    0x20000089   0x0800bd01   0x00000001   Data   RW         5494    .data               warehouse.o
    0x2000008a   0x0800bd02   0x00000002   PAD
    0x2000008c   0x0800bd04   0x00000014   Data   RW         5550    .data               small_slide_move.o
    0x200000a0        -       0x00000214   Zero   RW           18    .bss                main.o
    0x200002b4        -       0x000002e4   Zero   RW          262    .bss                usart.o
    0x20000598        -       0x00000028   Zero   RW          341    .bss                rtc.o
    0x200005c0        -       0x00000214   Zero   RW          392    .bss                tim.o
    0x200007d4        -       0x00000200   Zero   RW         4382    .bss                esp8266.o
    0x200009d4        -       0x0000007d   Zero   RW         5279    .bss                voice.o
    0x20000a51        -       0x00000032   Zero   RW         5438    .bss                display.o
    0x20000a83   0x0800bd18   0x00000001   PAD
    0x20000a84        -       0x00000060   Zero   RW         6042    .bss                c_w.l(libspace.o)
    0x20000ae4   0x0800bd18   0x00000004   PAD
    0x20000ae8        -       0x00000200   Zero   RW            2    HEAP                startup_stm32g474xx.o
    0x20000ce8        -       0x00003000   Zero   RW            1    STACK               startup_stm32g474xx.o


==============================================================================

Image component sizes


      Code (inc. data)   RO Data    RW Data    ZI Data      Debug   Object Name

       588         10        192          0          0       3016   base64.o
      1756         96          7         12          0      13362   cjson.o
       492         42          0          8          0       4175   dht11.o
       572        250          0          0         50       2990   display.o
       684        308          0          4        512       5512   esp8266.o
       256         12          0          0          0       1087   gpio.o
       860         30          0          0          0       5333   hmac_sha1.o
       996        216          0         20        532     907960   main.o
       504        160          0          8          0       4905   motor.o
      2000         56          0          0          0      14426   mqttkit.o
      2436       1112         71         28          0      11161   onenet.o
       252         18          0          0         40       1811   rtc.o
       780        154          0         20          0       9711   small_slide_move.o
        64         26        472          0      12800        860   startup_stm32g474xx.o
       162         24          0         12          0       4445   stm32g4xx_hal.o
       198         14          0          0          0      33935   stm32g4xx_hal_cortex.o
       226          0          0          0          0       1987   stm32g4xx_hal_dma.o
       630         40          0          0          0       4279   stm32g4xx_hal_gpio.o
        48          6          0          0          0        898   stm32g4xx_hal_msp.o
        16          4          0          0          0        563   stm32g4xx_hal_pwr.o
       204         18          0          0          0       1441   stm32g4xx_hal_pwr_ex.o
      1688         92          0          0          0       6364   stm32g4xx_hal_rcc.o
       768         10          0          0          0       1992   stm32g4xx_hal_rcc_ex.o
       924         32          0          0          0       8417   stm32g4xx_hal_rtc.o
        24          8          0          0          0       1727   stm32g4xx_hal_rtc_ex.o
      3608        388          0          0          0      22213   stm32g4xx_hal_tim.o
       366         48          0          0          0       6488   stm32g4xx_hal_tim_ex.o
      3942        144         24          0          0      38062   stm32g4xx_hal_uart.o
       288          6         16          0          0       5506   stm32g4xx_hal_uart_ex.o
       292        112          0          0          0      13170   stm32g4xx_it.o
        16          4         24          4          0       1175   system_stm32g4xx.o
       952        284          0         16          0       4516   task.o
      1696        126          0          0        532       7942   tim.o
         0          0          0          1          0        788   uart.o
      1142         86          0          0        740       6431   usart.o
        48          8          0          0        125       1249   voice.o
       372         66          0         22          0       3540   warehouse.o

    ----------------------------------------------------------------------
     29888       4010        839        160      15332    1163437   Object Totals
         0          0         32          0          0          0   (incl. Generated)
        38          0          1          5          1          0   (incl. Padding)

    ----------------------------------------------------------------------

      Code (inc. data)   RO Data    RW Data    ZI Data      Debug   Library Member Name

        60          8          0          0          0         84   __0sscanf.o
        56          6          0          0          0         88   __2snprintf.o
        44          6          0          0          0         84   __2sprintf.o
         8          0          0          0          0         68   __main.o
       392          4         17          0          0         92   __printf_flags_ss_wp.o
        14          0          0          0          0         68   __printf_wp.o
         0          0          0          0          0          0   __rtentry.o
        12          0          0          0          0          0   __rtentry2.o
         6          0          0          0          0          0   __rtentry4.o
        52          8          0          0          0          0   __scatter.o
        26          0          0          0          0          0   __scatter_copy.o
        28          0          0          0          0          0   __scatter_zi.o
        28          0          0          0          0         68   _chval.o
         6          0          0          0          0          0   _printf_a.o
         6          0          0          0          0          0   _printf_c.o
        44          0          0          0          0        108   _printf_char.o
        48          6          0          0          0         96   _printf_char_common.o
        40          0          0          0          0         68   _printf_charcount.o
         6          0          0          0          0          0   _printf_d.o
       120         16          0          0          0         92   _printf_dec.o
         6          0          0          0          0          0   _printf_e.o
         6          0          0          0          0          0   _printf_f.o
      1054          0          0          0          0        216   _printf_fp_dec.o
       764          8         38          0          0        100   _printf_fp_hex.o
       128         16          0          0          0         84   _printf_fp_infnan.o
         6          0          0          0          0          0   _printf_g.o
       148          4         40          0          0        160   _printf_hex_int_ll_ptr.o
         6          0          0          0          0          0   _printf_i.o
       178          0          0          0          0         88   _printf_intcommon.o
        10          0          0          0          0          0   _printf_l.o
         6          0          0          0          0          0   _printf_lc.o
        10          0          0          0          0          0   _printf_ll.o
         6          0          0          0          0          0   _printf_lld.o
         6          0          0          0          0          0   _printf_lli.o
         6          0          0          0          0          0   _printf_llo.o
         6          0          0          0          0          0   _printf_llu.o
         6          0          0          0          0          0   _printf_llx.o
       124         16          0          0          0         92   _printf_longlong_dec.o
         6          0          0          0          0          0   _printf_ls.o
         6          0          0          0          0          0   _printf_n.o
         6          0          0          0          0          0   _printf_o.o
       112         10          0          0          0        124   _printf_oct_int_ll.o
         6          0          0          0          0          0   _printf_p.o
        78          0          0          0          0        108   _printf_pad.o
         0          0          0          0          0          0   _printf_percent.o
         4          0          0          0          0          0   _printf_percent_end.o
         6          0          0          0          0          0   _printf_s.o
        82          0          0          0          0         80   _printf_str.o
        36          0          0          0          0         84   _printf_truncate.o
         6          0          0          0          0          0   _printf_u.o
        44          0          0          0          0        108   _printf_wchar.o
       188          6          8          0          0         92   _printf_wctomb.o
         6          0          0          0          0          0   _printf_x.o
        22          0          0          0          0        100   _rserrno.o
       884          4          0          0          0        100   _scanf.o
       332          0          0          0          0         96   _scanf_int.o
        64          0          0          0          0         84   _sgetc.o
        16          0          0          0          0         68   _snputc.o
        10          0          0          0          0         68   _sputc.o
        64          0          0          0          0         92   _wcrtomb.o
       228          4        148          0          0         96   bigflt0.o
      1936        128          0          0          0        672   btod.o
        10          0          0          0          0         68   defsig_exit.o
        50          0          0          0          0         88   defsig_general.o
        80         58          0          0          0         76   defsig_rtmem_inner.o
        14          0          0          0          0         80   defsig_rtmem_outer.o
        18          0          0          0          0         80   exit.o
        94          0          0          0          0         80   h1_alloc.o
        52          0          0          0          0         68   h1_extend.o
        78          0          0          0          0         80   h1_free.o
        14          0          0          0          0         84   h1_init.o
         6          0          0          0          0        152   heapauxi.o
         4          0          0          0          0        136   hguard.o
         0          0          0          0          0          0   indicate_semi.o
       138          0          0          0          0        168   init_alloc.o
        18          0          0          0          0         76   isspace.o
        44         10        272          0          0         76   lc_ctype_c.o
        44         10         28          0          0         76   lc_numeric_c.o
         2          0          0          0          0          0   libinit.o
        42          0          0          0          0          0   libinit2.o
         2          0          0          0          0          0   libshutdown.o
         2          0          0          0          0          0   libshutdown2.o
         8          4          0          0         96         68   libspace.o
       138          0          0          0          0         80   lludiv10.o
       238          0          0          0          0        100   lludivv7m.o
         0          0          0          0          0          0   maybetermalloc1.o
        16          4          0          0          0         76   rt_ctype_table.o
         8          4          0          0          0         68   rt_errno_addr_intlibspace.o
         8          4          0          0          0         68   rt_heap_descriptor_intlibspace.o
         8          4          0          0          0         68   rt_locale_intlibspace.o
        68          0          0          0          0         68   rt_memclr.o
        78          0          0          0          0         80   rt_memclr_w.o
       138          0          0          0          0         68   rt_memcpy_v6.o
       100          0          0          0          0         80   rt_memcpy_w.o
         2          0          0          0          0          0   rtexit.o
        10          0          0          0          0          0   rtexit2.o
        44          8          0          0          0         84   scanf_char.o
        24          0          0          0          0         68   strcat.o
        20          0          0          0          0         68   strchr.o
       128          0          0          0          0         68   strcmpv7m.o
        72          0          0          0          0         80   strcpy.o
        62          0          0          0          0         76   strlen.o
        36          0          0          0          0         76   strncat.o
       150          0          0          0          0         80   strncmp.o
        36          0          0          0          0         80   strstr.o
        12          4          0          0          0         68   sys_exit.o
        74          0          0          0          0         80   sys_stackheap_outer.o
        14          0          0          0          0         76   sys_wrch.o
        26          0          0          0          0         76   tolower.o
         2          0          0          0          0         68   use_no_semi.o
        52          4          0          0          0         80   vsnprintf.o
        36          4          0          0          0         76   vsprintf.o
        24          0          0          0          0        164   basic.o
       826         16          0          0          0        492   daddsub_clz.o
        16          4          0          0          0        116   dcheck1.o
        24          0          0          0          0        116   dcmpi.o
       688        140          0          0          0        256   ddiv.o
        94          4          0          0          0        140   dfix.o
        46          0          0          0          0        116   dflt_clz.o
       120          4          0          0          0        140   dleqf.o
       340         12          0          0          0        152   dmul.o
       156          4          0          0          0        140   dnaninf.o
        12          0          0          0          0        116   dretinf.o
       108          0          0          0          0        128   drleqf.o
       408         56          0          0          0        168   dsqrt_umaal.o
        10          0          0          0          0        116   fpinit.o
         4          0          0          0          0        116   printf1.o
         4          0          0          0          0        116   printf2.o
       100          0          0          0          0        116   retnan.o
        92          0          0          0          0        116   scalbn.o
        48          0          0          0          0        116   trapv.o
         0          0          0          0          0          0   usenofp.o
       164         44          0          0          0        620   dunder.o
        24          0          0          0          0        124   fabs.o
        48          0          0          0          0        124   fpclassify.o
       248          0          0          0          0        152   poly.o
      3152        296        136          0          0        352   pow.o
         0          0          8          0          0          0   qnan.o
       110          0          0          0          0        148   sqrt.o

    ----------------------------------------------------------------------
     16822        948        699          0        100      11504   Library Totals
        22          0          4          0          4          0   (incl. Padding)

    ----------------------------------------------------------------------

      Code (inc. data)   RO Data    RW Data    ZI Data      Debug   Library Name

      9934        368        551          0         96       7044   c_w.l
      3120        240          0          0          0       2940   fz_wm.l
      3746        340        144          0          0       1520   m_wm.l

    ----------------------------------------------------------------------
     16822        948        699          0        100      11504   Library Totals

    ----------------------------------------------------------------------

==============================================================================


      Code (inc. data)   RO Data    RW Data    ZI Data      Debug   

     46710       4958       1538        160      15432    1144933   Grand Totals
     46710       4958       1538        160      15432    1144933   ELF Image Totals
     46710       4958       1538        160          0          0   ROM Totals

==============================================================================

    Total RO  Size (Code + RO Data)                48248 (  47.12kB)
    Total RW  Size (RW Data + ZI Data)             15592 (  15.23kB)
    Total ROM Size (Code + RO Data + RW Data)      48408 (  47.27kB)

==============================================================================

